Component: ARM Compiler 5.06 update 7 (build 960) Tool: armlink [4d3601]

==============================================================================

Section Cross References

    startup_stm32f411xe.o(RESET) refers to startup_stm32f411xe.o(STACK) for __initial_sp
    startup_stm32f411xe.o(RESET) refers to startup_stm32f411xe.o(.text) for Reset_Handler
    startup_stm32f411xe.o(RESET) refers to stm32f4xx_it.o(i.NMI_Handler) for NMI_Handler
    startup_stm32f411xe.o(RESET) refers to stm32f4xx_it.o(i.HardFault_Handler) for HardFault_Handler
    startup_stm32f411xe.o(RESET) refers to stm32f4xx_it.o(i.MemManage_Handler) for MemManage_Handler
    startup_stm32f411xe.o(RESET) refers to stm32f4xx_it.o(i.BusFault_Handler) for BusFault_Handler
    startup_stm32f411xe.o(RESET) refers to stm32f4xx_it.o(i.UsageFault_Handler) for UsageFault_Handler
    startup_stm32f411xe.o(RESET) refers to stm32f4xx_it.o(i.SVC_Handler) for SVC_Handler
    startup_stm32f411xe.o(RESET) refers to stm32f4xx_it.o(i.DebugMon_Handler) for DebugMon_Handler
    startup_stm32f411xe.o(RESET) refers to stm32f4xx_it.o(i.PendSV_Handler) for PendSV_Handler
    startup_stm32f411xe.o(RESET) refers to stm32f4xx_it.o(i.SysTick_Handler) for SysTick_Handler
    startup_stm32f411xe.o(.text) refers to system_stm32f4xx.o(i.SystemInit) for SystemInit
    startup_stm32f411xe.o(.text) refers to entry.o(.ARM.Collect$$$$00000000) for __main
    main.o(i.SystemClock_Config) refers to memseta.o(.text) for __aeabi_memclr4
    main.o(i.SystemClock_Config) refers to stm32f4xx_hal_rcc.o(i.HAL_RCC_OscConfig) for HAL_RCC_OscConfig
    main.o(i.SystemClock_Config) refers to stm32f4xx_hal_rcc.o(i.HAL_RCC_ClockConfig) for HAL_RCC_ClockConfig
    main.o(i.SystemClock_Config) refers to stm32f4xx_hal_rcc_ex.o(i.HAL_RCCEx_PeriphCLKConfig) for HAL_RCCEx_PeriphCLKConfig
    main.o(i.main) refers to main.o(i.SystemClock_Config) for SystemClock_Config
    main.o(i.main) refers to gpio.o(i.MX_GPIO_Init) for MX_GPIO_Init
    main.o(i.main) refers to adc.o(i.MX_ADC1_Init) for MX_ADC1_Init
    main.o(i.main) refers to spi.o(i.MX_SPI1_Init) for MX_SPI1_Init
    main.o(i.main) refers to usart.o(i.MX_USART1_UART_Init) for MX_USART1_UART_Init
    main.o(i.main) refers to rtc.o(i.MX_RTC_Init) for MX_RTC_Init
    main.o(i.main) refers to i2c.o(i.MX_I2C1_Init) for MX_I2C1_Init
    main.o(i.main) refers to oled_spi.o(i.OLED_Init) for OLED_Init
    main.o(i.main) refers to lm75ad.o(i.LM75AD_Init) for LM75AD_Init
    main.o(i.main) refers to delay.o(i.delay_init) for delay_init
    main.o(i.main) refers to oled_spi.o(i.GUI_Init) for GUI_Init
    main.o(i.main) refers to oled_spi.o(i.GUI_Time) for GUI_Time
    main.o(i.main) refers to oled_spi.o(i.GUI_Alarm) for GUI_Alarm
    main.o(i.main) refers to oled_spi.o(i.GUI_Temperature) for GUI_Temperature
    main.o(i.main) refers to key.o(i.KEY_GetPinState) for KEY_GetPinState
    main.o(i.main) refers to oled_spi.o(i.beep_music) for beep_music
    main.o(i.main) refers to led.o(i.LED_State) for LED_State
    main.o(i.main) refers to oled_spi.o(.bss) for GUI_TIME
    gpio.o(i.MX_GPIO_Init) refers to memseta.o(.text) for __aeabi_memclr4
    gpio.o(i.MX_GPIO_Init) refers to stm32f4xx_hal_gpio.o(i.HAL_GPIO_WritePin) for HAL_GPIO_WritePin
    gpio.o(i.MX_GPIO_Init) refers to stm32f4xx_hal_gpio.o(i.HAL_GPIO_Init) for HAL_GPIO_Init
    adc.o(i.HAL_ADC_MspDeInit) refers to stm32f4xx_hal_gpio.o(i.HAL_GPIO_DeInit) for HAL_GPIO_DeInit
    adc.o(i.HAL_ADC_MspInit) refers to memseta.o(.text) for __aeabi_memclr4
    adc.o(i.HAL_ADC_MspInit) refers to stm32f4xx_hal_gpio.o(i.HAL_GPIO_Init) for HAL_GPIO_Init
    adc.o(i.MX_ADC1_Init) refers to stm32f4xx_hal_adc.o(i.HAL_ADC_Init) for HAL_ADC_Init
    adc.o(i.MX_ADC1_Init) refers to main.o(i.Error_Handler) for Error_Handler
    adc.o(i.MX_ADC1_Init) refers to stm32f4xx_hal_adc.o(i.HAL_ADC_ConfigChannel) for HAL_ADC_ConfigChannel
    adc.o(i.MX_ADC1_Init) refers to adc.o(.bss) for .bss
    i2c.o(i.HAL_I2C_MspDeInit) refers to stm32f4xx_hal_gpio.o(i.HAL_GPIO_DeInit) for HAL_GPIO_DeInit
    i2c.o(i.HAL_I2C_MspInit) refers to memseta.o(.text) for __aeabi_memclr4
    i2c.o(i.HAL_I2C_MspInit) refers to stm32f4xx_hal_gpio.o(i.HAL_GPIO_Init) for HAL_GPIO_Init
    i2c.o(i.MX_I2C1_Init) refers to stm32f4xx_hal_i2c.o(i.HAL_I2C_Init) for HAL_I2C_Init
    i2c.o(i.MX_I2C1_Init) refers to main.o(i.Error_Handler) for Error_Handler
    i2c.o(i.MX_I2C1_Init) refers to i2c.o(.bss) for .bss
    rtc.o(i.MX_RTC_Init) refers to memseta.o(.text) for __aeabi_memclr4
    rtc.o(i.MX_RTC_Init) refers to stm32f4xx_hal_rtc.o(i.HAL_RTC_Init) for HAL_RTC_Init
    rtc.o(i.MX_RTC_Init) refers to main.o(i.Error_Handler) for Error_Handler
    rtc.o(i.MX_RTC_Init) refers to stm32f4xx_hal_rtc.o(i.HAL_RTC_SetTime) for HAL_RTC_SetTime
    rtc.o(i.MX_RTC_Init) refers to stm32f4xx_hal_rtc.o(i.HAL_RTC_SetDate) for HAL_RTC_SetDate
    rtc.o(i.MX_RTC_Init) refers to rtc.o(.bss) for .bss
[...]
    Removing stm32f4xx_hal_i2c.o(i.HAL_I2C_GetError), (4 bytes).
    Removing stm32f4xx_hal_i2c.o(i.HAL_I2C_GetMode), (6 bytes).
    Removing stm32f4xx_hal_i2c.o(i.HAL_I2C_GetState), (6 bytes).
    Removing stm32f4xx_hal_i2c.o(i.HAL_I2C_IsDeviceReady), (364 bytes).
    Removing stm32f4xx_hal_i2c.o(i.HAL_I2C_ListenCpltCallback), (2 bytes).
    Removing stm32f4xx_hal_i2c.o(i.HAL_I2C_MasterRxCpltCallback), (2 bytes).
    Removing stm32f4xx_hal_i2c.o(i.HAL_I2C_MasterTxCpltCallback), (2 bytes).
    Removing stm32f4xx_hal_i2c.o(i.HAL_I2C_Master_Abort_IT), (94 bytes).
    Removing stm32f4xx_hal_i2c.o(i.HAL_I2C_Master_Receive_DMA), (332 bytes).
    Removing stm32f4xx_hal_i2c.o(i.HAL_I2C_Master_Receive_IT), (200 bytes).
    Removing stm32f4xx_hal_i2c.o(i.HAL_I2C_Master_Seq_Receive_DMA), (488 bytes).
    Removing stm32f4xx_hal_i2c.o(i.HAL_I2C_Master_Seq_Receive_IT), (324 bytes).
    Removing stm32f4xx_hal_i2c.o(i.HAL_I2C_Master_Seq_Transmit_DMA), (436 bytes).
    Removing stm32f4xx_hal_i2c.o(i.HAL_I2C_Master_Seq_Transmit_IT), (216 bytes).
    Removing stm32f4xx_hal_i2c.o(i.HAL_I2C_Master_Transmit_DMA), (332 bytes).
    Removing stm32f4xx_hal_i2c.o(i.HAL_I2C_Master_Transmit_IT), (188 bytes).
    Removing stm32f4xx_hal_i2c.o(i.HAL_I2C_MemRxCpltCallback), (2 bytes).
    Removing stm32f4xx_hal_i2c.o(i.HAL_I2C_MemTxCpltCallback), (2 bytes).
    Removing stm32f4xx_hal_i2c.o(i.HAL_I2C_Mem_Read), (504 bytes).
    Removing stm32f4xx_hal_i2c.o(i.HAL_I2C_Mem_Read_DMA), (440 bytes).
    Removing stm32f4xx_hal_i2c.o(i.HAL_I2C_Mem_Read_IT), (224 bytes).
    Removing stm32f4xx_hal_i2c.o(i.HAL_I2C_Mem_Write_DMA), (384 bytes).
    Removing stm32f4xx_hal_i2c.o(i.HAL_I2C_Mem_Write_IT), (212 bytes).
    Removing stm32f4xx_hal_i2c.o(i.HAL_I2C_MspDeInit), (2 bytes).
    Removing stm32f4xx_hal_i2c.o(i.HAL_I2C_MspInit), (2 bytes).
    Removing stm32f4xx_hal_i2c.o(i.HAL_I2C_SlaveRxCpltCallback), (2 bytes).
    Removing stm32f4xx_hal_i2c.o(i.HAL_I2C_SlaveTxCpltCallback), (2 bytes).
    Removing stm32f4xx_hal_i2c.o(i.HAL_I2C_Slave_Receive), (364 bytes).
    Removing stm32f4xx_hal_i2c.o(i.HAL_I2C_Slave_Receive_DMA), (212 bytes).
    Removing stm32f4xx_hal_i2c.o(i.HAL_I2C_Slave_Receive_IT), (124 bytes).
    Removing stm32f4xx_hal_i2c.o(i.HAL_I2C_Slave_Seq_Receive_DMA), (328 bytes).
    Removing stm32f4xx_hal_i2c.o(i.HAL_I2C_Slave_Seq_Receive_IT), (116 bytes).
    Removing stm32f4xx_hal_i2c.o(i.HAL_I2C_Slave_Seq_Transmit_DMA), (328 bytes).
    Removing stm32f4xx_hal_i2c.o(i.HAL_I2C_Slave_Seq_Transmit_IT), (116 bytes).
    Removing stm32f4xx_hal_i2c.o(i.HAL_I2C_Slave_Transmit), (348 bytes).
    Removing stm32f4xx_hal_i2c.o(i.HAL_I2C_Slave_Transmit_DMA), (212 bytes).
    Removing stm32f4xx_hal_i2c.o(i.HAL_I2C_Slave_Transmit_IT), (124 bytes).
    Removing stm32f4xx_hal_i2c.o(i.I2C_DMAAbort), (188 bytes).
    Removing stm32f4xx_hal_i2c.o(i.I2C_DMAError), (64 bytes).
    Removing stm32f4xx_hal_i2c.o(i.I2C_DMAXferCplt), (266 bytes).
    Removing stm32f4xx_hal_i2c.o(i.I2C_ITError), (344 bytes).
    Removing stm32f4xx_hal_i2c.o(i.I2C_MasterReceive_BTF), (210 bytes).
    Removing stm32f4xx_hal_i2c.o(i.I2C_MasterReceive_RXNE), (232 bytes).
    Removing stm32f4xx_hal_i2c.o(i.I2C_MasterTransmit_BTF), (116 bytes).
    Removing stm32f4xx_hal_i2c.o(i.I2C_MasterTransmit_TXE), (182 bytes).
    Removing stm32f4xx_hal_i2c.o(i.I2C_Master_ADDR), (280 bytes).
    Removing stm32f4xx_hal_i2c.o(i.I2C_Master_SB), (140 bytes).
    Removing stm32f4xx_hal_i2c.o(i.I2C_MemoryTransmit_TXE_BTF), (160 bytes).
    Removing stm32f4xx_hal_i2c.o(i.I2C_RequestMemoryRead), (252 bytes).
    Removing stm32f4xx_hal_i2c.o(i.I2C_Slave_AF), (132 bytes).
    Removing stm32f4xx_hal_i2c.o(i.I2C_Slave_STOPF), (348 bytes).
    Removing stm32f4xx_hal_i2c_ex.o(.rev16_text), (4 bytes).
    Removing stm32f4xx_hal_i2c_ex.o(.revsh_text), (4 bytes).
    Removing stm32f4xx_hal_i2c_ex.o(.rrx_text), (6 bytes).
    Removing stm32f4xx_hal_i2c_ex.o(i.HAL_I2CEx_ConfigAnalogFilter), (66 bytes).
    Removing stm32f4xx_hal_i2c_ex.o(i.HAL_I2CEx_ConfigDigitalFilter), (62 bytes).
    Removing stm32f4xx_hal_rtc.o(.rev16_text), (4 bytes).
    Removing stm32f4xx_hal_rtc.o(.revsh_text), (4 bytes).
    Removing stm32f4xx_hal_rtc.o(.rrx_text), (6 bytes).
    Removing stm32f4xx_hal_rtc.o(i.HAL_RTC_AlarmAEventCallback), (2 bytes).
    Removing stm32f4xx_hal_rtc.o(i.HAL_RTC_AlarmIRQHandler), (92 bytes).
    Removing stm32f4xx_hal_rtc.o(i.HAL_RTC_DeInit), (212 bytes).
    Removing stm32f4xx_hal_rtc.o(i.HAL_RTC_DeactivateAlarm), (178 bytes).
    Removing stm32f4xx_hal_rtc.o(i.HAL_RTC_GetAlarm), (126 bytes).
    Removing stm32f4xx_hal_rtc.o(i.HAL_RTC_GetState), (4 bytes).
    Removing stm32f4xx_hal_rtc.o(i.HAL_RTC_MspDeInit), (2 bytes).
    Removing stm32f4xx_hal_rtc.o(i.HAL_RTC_MspInit), (2 bytes).
    Removing stm32f4xx_hal_rtc.o(i.HAL_RTC_PollForAlarmAEvent), (66 bytes).
    Removing stm32f4xx_hal_rtc.o(i.HAL_RTC_SetAlarm), (336 bytes).
    Removing stm32f4xx_hal_rtc.o(i.HAL_RTC_SetAlarm_IT), (376 bytes).
    Removing stm32f4xx_hal_rtc_ex.o(.rev16_text), (4 bytes).
    Removing stm32f4xx_hal_rtc_ex.o(.revsh_text), (4 bytes).
    Removing stm32f4xx_hal_rtc_ex.o(.rrx_text), (6 bytes).
    Removing stm32f4xx_hal_rtc_ex.o(i.HAL_RTCEx_AlarmBEventCallback), (2 bytes).
    Removing stm32f4xx_hal_rtc_ex.o(i.HAL_RTCEx_BKUPRead), (10 bytes).
    Removing stm32f4xx_hal_rtc_ex.o(i.HAL_RTCEx_BKUPWrite), (10 bytes).
    Removing stm32f4xx_hal_rtc_ex.o(i.HAL_RTCEx_DeactivateCalibrationOutPut), (56 bytes).
    Removing stm32f4xx_hal_rtc_ex.o(i.HAL_RTCEx_DeactivateCoarseCalib), (96 bytes).
    Removing stm32f4xx_hal_rtc_ex.o(i.HAL_RTCEx_DeactivateRefClock), (96 bytes).
    Removing stm32f4xx_hal_rtc_ex.o(i.HAL_RTCEx_DeactivateTamper), (38 bytes).
    Removing stm32f4xx_hal_rtc_ex.o(i.HAL_RTCEx_DeactivateTimeStamp), (70 bytes).
    Removing stm32f4xx_hal_rtc_ex.o(i.HAL_RTCEx_DeactivateWakeUpTimer), (122 bytes).
    Removing stm32f4xx_hal_rtc_ex.o(i.HAL_RTCEx_DisableBypassShadow), (56 bytes).
    Removing stm32f4xx_hal_rtc_ex.o(i.HAL_RTCEx_EnableBypassShadow), (56 bytes).
    Removing stm32f4xx_hal_rtc_ex.o(i.HAL_RTCEx_GetTimeStamp), (152 bytes).
    Removing stm32f4xx_hal_rtc_ex.o(i.HAL_RTCEx_GetWakeUpTimer), (8 bytes).
    Removing stm32f4xx_hal_rtc_ex.o(i.HAL_RTCEx_PollForAlarmBEvent), (66 bytes).
    Removing stm32f4xx_hal_rtc_ex.o(i.HAL_RTCEx_PollForTamper1Event), (66 bytes).
    Removing stm32f4xx_hal_rtc_ex.o(i.HAL_RTCEx_PollForTamper2Event), (66 bytes).
    Removing stm32f4xx_hal_rtc_ex.o(i.HAL_RTCEx_PollForTimeStampEvent), (78 bytes).
    Removing stm32f4xx_hal_rtc_ex.o(i.HAL_RTCEx_PollForWakeUpTimerEvent), (66 bytes).
    Removing stm32f4xx_hal_rtc_ex.o(i.HAL_RTCEx_SetCalibrationOutPut), (76 bytes).
    Removing stm32f4xx_hal_rtc_ex.o(i.HAL_RTCEx_SetCoarseCalib), (110 bytes).
    Removing stm32f4xx_hal_rtc_ex.o(i.HAL_RTCEx_SetRefClock), (96 bytes).
    Removing stm32f4xx_hal_rtc_ex.o(i.HAL_RTCEx_SetSmoothCalib), (130 bytes).
    Removing stm32f4xx_hal_rtc_ex.o(i.HAL_RTCEx_SetSynchroShift), (154 bytes).
    Removing stm32f4xx_hal_rtc_ex.o(i.HAL_RTCEx_SetTamper), (104 bytes).
    Removing stm32f4xx_hal_rtc_ex.o(i.HAL_RTCEx_SetTamper_IT), (164 bytes).
    Removing stm32f4xx_hal_rtc_ex.o(i.HAL_RTCEx_SetTimeStamp), (90 bytes).
    Removing stm32f4xx_hal_rtc_ex.o(i.HAL_RTCEx_SetTimeStamp_IT), (140 bytes).
    Removing stm32f4xx_hal_rtc_ex.o(i.HAL_RTCEx_SetWakeUpTimer), (194 bytes).
    Removing stm32f4xx_hal_rtc_ex.o(i.HAL_RTCEx_SetWakeUpTimer_IT), (248 bytes).
    Removing stm32f4xx_hal_rtc_ex.o(i.HAL_RTCEx_Tamper1EventCallback), (2 bytes).
    Removing stm32f4xx_hal_rtc_ex.o(i.HAL_RTCEx_Tamper2EventCallback), (2 bytes).
    Removing stm32f4xx_hal_rtc_ex.o(i.HAL_RTCEx_TamperTimeStampIRQHandler), (124 bytes).
    Removing stm32f4xx_hal_rtc_ex.o(i.HAL_RTCEx_TimeStampEventCallback), (2 bytes).
    Removing stm32f4xx_hal_rtc_ex.o(i.HAL_RTCEx_WakeUpTimerEventCallback), (2 bytes).
    Removing stm32f4xx_hal_rtc_ex.o(i.HAL_RTCEx_WakeUpTimerIRQHandler), (52 bytes).
    Removing stm32f4xx_hal_spi.o(.rev16_text), (4 bytes).
    Removing stm32f4xx_hal_spi.o(.revsh_text), (4 bytes).
    Removing stm32f4xx_hal_spi.o(.rrx_text), (6 bytes).
    Removing stm32f4xx_hal_spi.o(i.HAL_SPI_Abort), (292 bytes).
    Removing stm32f4xx_hal_spi.o(i.HAL_SPI_AbortCpltCallback), (2 bytes).
    Removing stm32f4xx_hal_spi.o(i.HAL_SPI_Abort_IT), (292 bytes).
    Removing stm32f4xx_hal_spi.o(i.HAL_SPI_DMAPause), (38 bytes).
    Removing stm32f4xx_hal_spi.o(i.HAL_SPI_DMAResume), (38 bytes).
    Removing stm32f4xx_hal_spi.o(i.HAL_SPI_DMAStop), (66 bytes).
    Removing stm32f4xx_hal_spi.o(i.HAL_SPI_DeInit), (46 bytes).
    Removing stm32f4xx_hal_spi.o(i.HAL_SPI_ErrorCallback), (2 bytes).
    Removing stm32f4xx_hal_spi.o(i.HAL_SPI_GetError), (4 bytes).
    Removing stm32f4xx_hal_spi.o(i.HAL_SPI_GetState), (6 bytes).
    Removing stm32f4xx_hal_spi.o(i.HAL_SPI_IRQHandler), (252 bytes).
    Removing stm32f4xx_hal_spi.o(i.HAL_SPI_MspDeInit), (2 bytes).
    Removing stm32f4xx_hal_spi.o(i.HAL_SPI_MspInit), (2 bytes).
    Removing stm32f4xx_hal_spi.o(i.HAL_SPI_Receive), (336 bytes).
    Removing stm32f4xx_hal_spi.o(i.HAL_SPI_Receive_DMA), (232 bytes).
    Removing stm32f4xx_hal_spi.o(i.HAL_SPI_Receive_IT), (164 bytes).
    Removing stm32f4xx_hal_spi.o(i.HAL_SPI_RxCpltCallback), (2 bytes).
    Removing stm32f4xx_hal_spi.o(i.HAL_SPI_RxHalfCpltCallback), (2 bytes).
    Removing stm32f4xx_hal_spi.o(i.HAL_SPI_TransmitReceive), (482 bytes).
    Removing stm32f4xx_hal_spi.o(i.HAL_SPI_TransmitReceive_DMA), (292 bytes).
    Removing stm32f4xx_hal_spi.o(i.HAL_SPI_TransmitReceive_IT), (164 bytes).
    Removing stm32f4xx_hal_spi.o(i.HAL_SPI_Transmit_DMA), (204 bytes).
    Removing stm32f4xx_hal_spi.o(i.HAL_SPI_Transmit_IT), (140 bytes).
    Removing stm32f4xx_hal_spi.o(i.HAL_SPI_TxCpltCallback), (2 bytes).
    Removing stm32f4xx_hal_spi.o(i.HAL_SPI_TxHalfCpltCallback), (2 bytes).
    Removing stm32f4xx_hal_spi.o(i.HAL_SPI_TxRxCpltCallback), (2 bytes).
    Removing stm32f4xx_hal_spi.o(i.HAL_SPI_TxRxHalfCpltCallback), (2 bytes).
    Removing stm32f4xx_hal_spi.o(i.SPI_2linesRxISR_16BIT), (48 bytes).
    Removing stm32f4xx_hal_spi.o(i.SPI_2linesRxISR_8BIT), (48 bytes).
    Removing stm32f4xx_hal_spi.o(i.SPI_2linesTxISR_16BIT), (48 bytes).
    Removing stm32f4xx_hal_spi.o(i.SPI_2linesTxISR_8BIT), (48 bytes).
    Removing stm32f4xx_hal_spi.o(i.SPI_AbortRx_ISR), (80 bytes).
    Removing stm32f4xx_hal_spi.o(i.SPI_AbortTx_ISR), (28 bytes).
    Removing stm32f4xx_hal_spi.o(i.SPI_CloseRxTx_ISR), (144 bytes).
    Removing stm32f4xx_hal_spi.o(i.SPI_CloseRx_ISR), (76 bytes).
    Removing stm32f4xx_hal_spi.o(i.SPI_CloseTx_ISR), (124 bytes).
    Removing stm32f4xx_hal_spi.o(i.SPI_DMAAbortOnError), (16 bytes).
    Removing stm32f4xx_hal_spi.o(i.SPI_DMAError), (34 bytes).
    Removing stm32f4xx_hal_spi.o(i.SPI_DMAHalfReceiveCplt), (10 bytes).
    Removing stm32f4xx_hal_spi.o(i.SPI_DMAHalfTransmitCplt), (10 bytes).
    Removing stm32f4xx_hal_spi.o(i.SPI_DMAHalfTransmitReceiveCplt), (10 bytes).
    Removing stm32f4xx_hal_spi.o(i.SPI_DMAReceiveCplt), (106 bytes).
    Removing stm32f4xx_hal_spi.o(i.SPI_DMARxAbortCallback), (102 bytes).
    Removing stm32f4xx_hal_spi.o(i.SPI_DMATransmitCplt), (100 bytes).
    Removing stm32f4xx_hal_spi.o(i.SPI_DMATransmitReceiveCplt), (90 bytes).
    Removing stm32f4xx_hal_spi.o(i.SPI_DMATxAbortCallback), (116 bytes).
    Removing stm32f4xx_hal_spi.o(i.SPI_EndRxTransaction), (92 bytes).
    Removing stm32f4xx_hal_spi.o(i.SPI_RxISR_16BIT), (32 bytes).
    Removing stm32f4xx_hal_spi.o(i.SPI_RxISR_8BIT), (32 bytes).
    Removing stm32f4xx_hal_spi.o(i.SPI_TxISR_16BIT), (32 bytes).
    Removing stm32f4xx_hal_spi.o(i.SPI_TxISR_8BIT), (32 bytes).
    Removing stm32f4xx_hal_tim.o(.rev16_text), (4 bytes).
    Removing stm32f4xx_hal_tim.o(.revsh_text), (4 bytes).
    Removing stm32f4xx_hal_tim.o(.rrx_text), (6 bytes).
    Removing stm32f4xx_hal_tim_ex.o(.rev16_text), (4 bytes).
    Removing stm32f4xx_hal_tim_ex.o(.revsh_text), (4 bytes).
    Removing stm32f4xx_hal_tim_ex.o(.rrx_text), (6 bytes).
    Removing stm32f4xx_hal_uart.o(.rev16_text), (4 bytes).
    Removing stm32f4xx_hal_uart.o(.revsh_text), (4 bytes).
    Removing stm32f4xx_hal_uart.o(.rrx_text), (6 bytes).
    Removing stm32f4xx_hal_uart.o(i.HAL_HalfDuplex_EnableReceiver), (50 bytes).
    Removing stm32f4xx_hal_uart.o(i.HAL_HalfDuplex_EnableTransmitter), (50 bytes).
    Removing stm32f4xx_hal_uart.o(i.HAL_HalfDuplex_Init), (108 bytes).
    Removing stm32f4xx_hal_uart.o(i.HAL_LIN_Init), (128 bytes).
    Removing stm32f4xx_hal_uart.o(i.HAL_LIN_SendBreak), (46 bytes).
    Removing stm32f4xx_hal_uart.o(i.HAL_MultiProcessor_EnterMuteMode), (46 bytes).
    Removing stm32f4xx_hal_uart.o(i.HAL_MultiProcessor_ExitMuteMode), (46 bytes).
    Removing stm32f4xx_hal_uart.o(i.HAL_UART_Abort), (138 bytes).
    Removing stm32f4xx_hal_uart.o(i.HAL_UART_AbortCpltCallback), (2 bytes).
    Removing stm32f4xx_hal_uart.o(i.HAL_UART_AbortReceive), (88 bytes).
    Removing stm32f4xx_hal_uart.o(i.HAL_UART_AbortReceiveCpltCallback), (2 bytes).
    Removing stm32f4xx_hal_uart.o(i.HAL_UART_AbortReceive_IT), (92 bytes).
    Removing stm32f4xx_hal_uart.o(i.HAL_UART_AbortTransmit), (78 bytes).
    Removing stm32f4xx_hal_uart.o(i.HAL_UART_AbortTransmitCpltCallback), (2 bytes).
    Removing stm32f4xx_hal_uart.o(i.HAL_UART_AbortTransmit_IT), (84 bytes).
    Removing stm32f4xx_hal_uart.o(i.HAL_UART_Abort_IT), (172 bytes).
    Removing stm32f4xx_hal_uart.o(i.HAL_UART_DMAPause), (102 bytes).
    Removing stm32f4xx_hal_uart.o(i.HAL_UART_DMAResume), (94 bytes).
    Removing stm32f4xx_hal_uart.o(i.HAL_UART_DMAStop), (88 bytes).
    Removing stm32f4xx_hal_uart.o(i.HAL_UART_DeInit), (50 bytes).
    Removing stm32f4xx_hal_uart.o(i.HAL_UART_ErrorCallback), (2 bytes).
    Removing stm32f4xx_hal_uart.o(i.HAL_UART_GetError), (4 bytes).
    Removing stm32f4xx_hal_uart.o(i.HAL_UART_GetState), (10 bytes).
    Removing stm32f4xx_hal_uart.o(i.HAL_UART_IRQHandler), (276 bytes).
    Removing stm32f4xx_hal_uart.o(i.HAL_UART_Init), (98 bytes).
    Removing stm32f4xx_hal_uart.o(i.HAL_UART_MspDeInit), (2 bytes).
    Removing stm32f4xx_hal_uart.o(i.HAL_UART_MspInit), (2 bytes).
    Removing stm32f4xx_hal_uart.o(i.HAL_UART_Receive), (190 bytes).
    Removing stm32f4xx_hal_uart.o(i.HAL_UART_Receive_DMA), (152 bytes).
    Removing stm32f4xx_hal_uart.o(i.HAL_UART_Receive_IT), (82 bytes).
    Removing stm32f4xx_hal_uart.o(i.HAL_UART_RxCpltCallback), (2 bytes).
    Removing stm32f4xx_hal_uart.o(i.HAL_UART_RxHalfCpltCallback), (2 bytes).
    Removing stm32f4xx_hal_uart.o(i.HAL_UART_Transmit), (186 bytes).
    Removing stm32f4xx_hal_uart.o(i.HAL_UART_Transmit_DMA), (128 bytes).
    Removing stm32f4xx_hal_uart.o(i.HAL_UART_Transmit_IT), (62 bytes).
    Removing stm32f4xx_hal_uart.o(i.HAL_UART_TxCpltCallback), (2 bytes).
    Removing stm32f4xx_hal_uart.o(i.HAL_UART_TxHalfCpltCallback), (2 bytes).
    Removing stm32f4xx_hal_uart.o(i.UART_DMAAbortOnError), (16 bytes).
    Removing stm32f4xx_hal_uart.o(i.UART_DMAError), (74 bytes).
    Removing stm32f4xx_hal_uart.o(i.UART_DMAReceiveCplt), (60 bytes).
    Removing stm32f4xx_hal_uart.o(i.UART_DMARxAbortCallback), (42 bytes).
    Removing stm32f4xx_hal_uart.o(i.UART_DMARxHalfCplt), (10 bytes).
    Removing stm32f4xx_hal_uart.o(i.UART_DMARxOnlyAbortCallback), (20 bytes).
    Removing stm32f4xx_hal_uart.o(i.UART_DMATransmitCplt), (46 bytes).
    Removing stm32f4xx_hal_uart.o(i.UART_DMATxAbortCallback), (42 bytes).
    Removing stm32f4xx_hal_uart.o(i.UART_DMATxHalfCplt), (10 bytes).
    Removing stm32f4xx_hal_uart.o(i.UART_DMATxOnlyAbortCallback), (20 bytes).
    Removing stm32f4xx_hal_uart.o(i.UART_EndRxTransfer), (28 bytes).
    Removing stm32f4xx_hal_uart.o(i.UART_EndTxTransfer), (18 bytes).
    Removing stm32f4xx_hal_uart.o(i.UART_Receive_IT), (150 bytes).
    Removing stm32f4xx_hal_uart.o(i.UART_Transmit_IT), (98 bytes).
    Removing stm32f4xx_hal_uart.o(i.UART_WaitOnFlagUntilTimeout), (100 bytes).
    Removing system_stm32f4xx.o(.rev16_text), (4 bytes).
    Removing system_stm32f4xx.o(.revsh_text), (4 bytes).
    Removing system_stm32f4xx.o(.rrx_text), (6 bytes).
    Removing system_stm32f4xx.o(i.SystemCoreClockUpdate), (120 bytes).
    Removing led.o(.rev16_text), (4 bytes).
    Removing led.o(.revsh_text), (4 bytes).
    Removing led.o(.rrx_text), (6 bytes).
    Removing key.o(.rev16_text), (4 bytes).
    Removing key.o(.revsh_text), (4 bytes).
    Removing key.o(.rrx_text), (6 bytes).
    Removing delay.o(.rev16_text), (4 bytes).
    Removing delay.o(.revsh_text), (4 bytes).
    Removing delay.o(.rrx_text), (6 bytes).
    Removing sys.o(.rev16_text), (4 bytes).
    Removing sys.o(.revsh_text), (4 bytes).
    Removing sys.o(.rrx_text), (6 bytes).
    Removing sys.o(.emb_text), (6 bytes).
    Removing sys.o(i.INTX_DISABLE), (4 bytes).
    Removing sys.o(i.INTX_ENABLE), (4 bytes).
    Removing sys.o(i.WFI_SET), (4 bytes).
    Removing oled_spi.o(.rev16_text), (4 bytes).
    Removing oled_spi.o(.revsh_text), (4 bytes).
    Removing oled_spi.o(.rrx_text), (6 bytes).
    Removing oled_spi.o(i.OLED_ColorTurn), (24 bytes).
    Removing oled_spi.o(i.OLED_DisPlay_Off), (30 bytes).
    Removing oled_spi.o(i.OLED_DisPlay_On), (30 bytes).
    Removing oled_spi.o(i.OLED_DisplayTurn), (44 bytes).
    Removing oled_spi.o(i.OLED_nPoint), (52 bytes).
    Removing oled_spi.o(.data), (2 bytes).
    Removing oled_spi.o(.data), (2 bytes).
    Removing char_library.o(.constdata), (24320 bytes).
    Removing char_library.o(.constdata), (288 bytes).
    Removing lm75ad.o(.rev16_text), (4 bytes).
    Removing lm75ad.o(.revsh_text), (4 bytes).
    Removing lm75ad.o(.rrx_text), (6 bytes).
    Removing lm75ad.o(i.LM75_Temp), (32 bytes).

531 unused section(s) (total 62782 bytes) removed from the image.

==============================================================================

Image Symbol Table

    Local Symbols

    Symbol Name                              Value     Ov Type        Size  Object(Section)

    ../Drivers/STM32F4xx_HAL_Driver/Src/stm32f4xx_hal.c 0x00000000   Number         0  stm32f4xx_hal.o ABSOLUTE
    ../Drivers/STM32F4xx_HAL_Driver/Src/stm32f4xx_hal_adc.c 0x00000000   Number         0  stm32f4xx_hal_adc.o ABSOLUTE
    ../Drivers/STM32F4xx_HAL_Driver/Src/stm32f4xx_hal_adc_ex.c 0x00000000   Number         0  stm32f4xx_hal_adc_ex.o ABSOLUTE
    ../Drivers/STM32F4xx_HAL_Driver/Src/stm32f4xx_hal_cortex.c 0x00000000   Number         0  stm32f4xx_hal_cortex.o ABSOLUTE
    ../Drivers/STM32F4xx_HAL_Driver/Src/stm32f4xx_hal_dma.c 0x00000000   Number         0  stm32f4xx_hal_dma.o ABSOLUTE
    ../Drivers/STM32F4xx_HAL_Driver/Src/stm32f4xx_hal_dma_ex.c 0x00000000   Number         0  stm32f4xx_hal_dma_ex.o ABSOLUTE
    ../Drivers/STM32F4xx_HAL_Driver/Src/stm32f4xx_hal_exti.c 0x00000000   Number         0  stm32f4xx_hal_exti.o ABSOLUTE
    ../Drivers/STM32F4xx_HAL_Driver/Src/stm32f4xx_hal_flash.c 0x00000000   Number         0  stm32f4xx_hal_flash.o ABSOLUTE
    ../Drivers/STM32F4xx_HAL_Driver/Src/stm32f4xx_hal_flash_ex.c 0x00000000   Number         0  stm32f4xx_hal_flash_ex.o ABSOLUTE
    ../Drivers/STM32F4xx_HAL_Driver/Src/stm32f4xx_hal_flash_ramfunc.c 0x00000000   Number         0  stm32f4xx_hal_flash_ramfunc.o ABSOLUTE
    ../Drivers/STM32F4xx_HAL_Driver/Src/stm32f4xx_hal_gpio.c 0x00000000   Number         0  stm32f4xx_hal_gpio.o ABSOLUTE
    ../Drivers/STM32F4xx_HAL_Driver/Src/stm32f4xx_hal_i2c.c 0x00000000   Number         0  stm32f4xx_hal_i2c.o ABSOLUTE
    ../Drivers/STM32F4xx_HAL_Driver/Src/stm32f4xx_hal_i2c_ex.c 0x00000000   Number         0  stm32f4xx_hal_i2c_ex.o ABSOLUTE
    ../Drivers/STM32F4xx_HAL_Driver/Src/stm32f4xx_hal_pwr.c 0x00000000   Number         0  stm32f4xx_hal_pwr.o ABSOLUTE
    ../Drivers/STM32F4xx_HAL_Driver/Src/stm32f4xx_hal_pwr_ex.c 0x00000000   Number         0  stm32f4xx_hal_pwr_ex.o ABSOLUTE
    ../Drivers/STM32F4xx_HAL_Driver/Src/stm32f4xx_hal_rcc.c 0x00000000   Number         0  stm32f4xx_hal_rcc.o ABSOLUTE
    ../Drivers/STM32F4xx_HAL_Driver/Src/stm32f4xx_hal_rcc_ex.c 0x00000000   Number         0  stm32f4xx_hal_rcc_ex.o ABSOLUTE
    ../Drivers/STM32F4xx_HAL_Driver/Src/stm32f4xx_hal_rtc.c 0x00000000   Number         0  stm32f4xx_hal_rtc.o ABSOLUTE
    ../Drivers/STM32F4xx_HAL_Driver/Src/stm32f4xx_hal_rtc_ex.c 0x00000000   Number         0  stm32f4xx_hal_rtc_ex.o ABSOLUTE
    ../Drivers/STM32F4xx_HAL_Driver/Src/stm32f4xx_hal_spi.c 0x00000000   Number         0  stm32f4xx_hal_spi.o ABSOLUTE
    ../Drivers/STM32F4xx_HAL_Driver/Src/stm32f4xx_hal_tim.c 0x00000000   Number         0  stm32f4xx_hal_tim.o ABSOLUTE
    ../Drivers/STM32F4xx_HAL_Driver/Src/stm32f4xx_hal_tim_ex.c 0x00000000   Number         0  stm32f4xx_hal_tim_ex.o ABSOLUTE
    ../Drivers/STM32F4xx_HAL_Driver/Src/stm32f4xx_hal_uart.c 0x00000000   Number         0  stm32f4xx_hal_uart.o ABSOLUTE
    ../Src/adc.c                             0x00000000   Number         0  adc.o ABSOLUTE
    ../Src/gpio.c                            0x00000000   Number         0  gpio.o ABSOLUTE
    ../Src/i2c.c                             0x00000000   Number         0  i2c.o ABSOLUTE
    ../Src/main.c                            0x00000000   Number         0  main.o ABSOLUTE
    ../Src/rtc.c                             0x00000000   Number         0  rtc.o ABSOLUTE
    ../Src/spi.c                             0x00000000   Number         0  spi.o ABSOLUTE
    ../Src/stm32f4xx_hal_msp.c               0x00000000   Number         0  stm32f4xx_hal_msp.o ABSOLUTE
    ../Src/stm32f4xx_it.c                    0x00000000   Number         0  stm32f4xx_it.o ABSOLUTE
    ../Src/system_stm32f4xx.c                0x00000000   Number         0  system_stm32f4xx.o ABSOLUTE
    ../Src/usart.c                           0x00000000   Number         0  usart.o ABSOLUTE
    ../clib/microlib/division.c              0x00000000   Number         0  uldiv.o ABSOLUTE
    ../clib/microlib/init/entry.s            0x00000000   Number         0  entry.o ABSOLUTE
    ../clib/microlib/init/entry.s            0x00000000   Number         0  entry12b.o ABSOLUTE
    ../clib/microlib/init/entry.s            0x00000000   Number         0  entry12a.o ABSOLUTE
    ../clib/microlib/init/entry.s            0x00000000   Number         0  entry11b.o ABSOLUTE
    ../clib/microlib/init/entry.s            0x00000000   Number         0  entry11a.o ABSOLUTE
    ../clib/microlib/init/entry.s            0x00000000   Number         0  entry9b.o ABSOLUTE
    ../clib/microlib/init/entry.s            0x00000000   Number         0  entry9a.o ABSOLUTE
    ../clib/microlib/init/entry.s            0x00000000   Number         0  entry8b.o ABSOLUTE
    ../clib/microlib/init/entry.s            0x00000000   Number         0  entry8a.o ABSOLUTE
    ../clib/microlib/init/entry.s            0x00000000   Number         0  entry7b.o ABSOLUTE
    ../clib/microlib/init/entry.s            0x00000000   Number         0  entry7a.o ABSOLUTE
    ../clib/microlib/init/entry.s            0x00000000   Number         0  entry5.o ABSOLUTE
    ../clib/microlib/init/entry.s            0x00000000   Number         0  entry10a.o ABSOLUTE
    ../clib/microlib/init/entry.s            0x00000000   Number         0  entry10b.o ABSOLUTE
    ../clib/microlib/init/entry.s            0x00000000   Number         0  entry2.o ABSOLUTE
    ../clib/microlib/longlong.c              0x00000000   Number         0  llshl.o ABSOLUTE
    ../clib/microlib/longlong.c              0x00000000   Number         0  llushr.o ABSOLUTE
    ../clib/microlib/string/memset.c         0x00000000   Number         0  memseta.o ABSOLUTE
    ../clib/microlib/stubs.s                 0x00000000   Number         0  iusefp.o ABSOLUTE
    ../fplib/microlib/d2f.c                  0x00000000   Number         0  d2f.o ABSOLUTE
    ../fplib/microlib/fpepilogue.c           0x00000000   Number         0  fepilogue.o ABSOLUTE
    ../fplib/microlib/fpepilogue.c           0x00000000   Number         0  depilogue.o ABSOLUTE
    ../fplib/microlib/fpflt.c                0x00000000   Number         0  dflti.o ABSOLUTE
    ../fplib/microlib/fpmul.c                0x00000000   Number         0  dmul.o ABSOLUTE
    ..\Drivers\STM32F4xx_HAL_Driver\Src\stm32f4xx_hal.c 0x00000000   Number         0  stm32f4xx_hal.o ABSOLUTE
    ..\Drivers\STM32F4xx_HAL_Driver\Src\stm32f4xx_hal_adc.c 0x00000000   Number         0  stm32f4xx_hal_adc.o ABSOLUTE
    ..\Drivers\STM32F4xx_HAL_Driver\Src\stm32f4xx_hal_adc_ex.c 0x00000000   Number         0  stm32f4xx_hal_adc_ex.o ABSOLUTE
    ..\Drivers\STM32F4xx_HAL_Driver\Src\stm32f4xx_hal_cortex.c 0x00000000   Number         0  stm32f4xx_hal_cortex.o ABSOLUTE
    ..\Drivers\STM32F4xx_HAL_Driver\Src\stm32f4xx_hal_dma.c 0x00000000   Number         0  stm32f4xx_hal_dma.o ABSOLUTE
    ..\Drivers\STM32F4xx_HAL_Driver\Src\stm32f4xx_hal_dma_ex.c 0x00000000   Number         0  stm32f4xx_hal_dma_ex.o ABSOLUTE
    ..\Drivers\STM32F4xx_HAL_Driver\Src\stm32f4xx_hal_exti.c 0x00000000   Number         0  stm32f4xx_hal_exti.o ABSOLUTE
    ..\Drivers\STM32F4xx_HAL_Driver\Src\stm32f4xx_hal_flash.c 0x00000000   Number         0  stm32f4xx_hal_flash.o ABSOLUTE
    ..\Drivers\STM32F4xx_HAL_Driver\Src\stm32f4xx_hal_flash_ex.c 0x00000000   Number         0  stm32f4xx_hal_flash_ex.o ABSOLUTE
    ..\Drivers\STM32F4xx_HAL_Driver\Src\stm32f4xx_hal_flash_ramfunc.c 0x00000000   Number         0  stm32f4xx_hal_flash_ramfunc.o ABSOLUTE
    ..\Drivers\STM32F4xx_HAL_Driver\Src\stm32f4xx_hal_gpio.c 0x00000000   Number         0  stm32f4xx_hal_gpio.o ABSOLUTE
    ..\Drivers\STM32F4xx_HAL_Driver\Src\stm32f4xx_hal_i2c.c 0x00000000   Number         0  stm32f4xx_hal_i2c.o ABSOLUTE
    ..\Drivers\STM32F4xx_HAL_Driver\Src\stm32f4xx_hal_i2c_ex.c 0x00000000   Number         0  stm32f4xx_hal_i2c_ex.o ABSOLUTE
    ..\Drivers\STM32F4xx_HAL_Driver\Src\stm32f4xx_hal_pwr.c 0x00000000   Number         0  stm32f4xx_hal_pwr.o ABSOLUTE
    ..\Drivers\STM32F4xx_HAL_Driver\Src\stm32f4xx_hal_pwr_ex.c 0x00000000   Number         0  stm32f4xx_hal_pwr_ex.o ABSOLUTE
    ..\Drivers\STM32F4xx_HAL_Driver\Src\stm32f4xx_hal_rcc.c 0x00000000   Number         0  stm32f4xx_hal_rcc.o ABSOLUTE
    ..\Drivers\STM32F4xx_HAL_Driver\Src\stm32f4xx_hal_rcc_ex.c 0x00000000   Number         0  stm32f4xx_hal_rcc_ex.o ABSOLUTE
    ..\Drivers\STM32F4xx_HAL_Driver\Src\stm32f4xx_hal_rtc.c 0x00000000   Number         0  stm32f4xx_hal_rtc.o ABSOLUTE
    ..\Drivers\STM32F4xx_HAL_Driver\Src\stm32f4xx_hal_rtc_ex.c 0x00000000   Number         0  stm32f4xx_hal_rtc_ex.o ABSOLUTE
    ..\Drivers\STM32F4xx_HAL_Driver\Src\stm32f4xx_hal_spi.c 0x00000000   Number         0  stm32f4xx_hal_spi.o ABSOLUTE
    ..\Drivers\STM32F4xx_HAL_Driver\Src\stm32f4xx_hal_tim.c 0x00000000   Number         0  stm32f4xx_hal_tim.o ABSOLUTE
    ..\Drivers\STM32F4xx_HAL_Driver\Src\stm32f4xx_hal_tim_ex.c 0x00000000   Number         0  stm32f4xx_hal_tim_ex.o ABSOLUTE
    ..\Drivers\STM32F4xx_HAL_Driver\Src\stm32f4xx_hal_uart.c 0x00000000   Number         0  stm32f4xx_hal_uart.o ABSOLUTE
    ..\Src\adc.c                             0x00000000   Number         0  adc.o ABSOLUTE
    ..\Src\gpio.c                            0x00000000   Number         0  gpio.o ABSOLUTE
    ..\Src\i2c.c                             0x00000000   Number         0  i2c.o ABSOLUTE
    ..\Src\main.c                            0x00000000   Number         0  main.o ABSOLUTE
    ..\Src\rtc.c                             0x00000000   Number         0  rtc.o ABSOLUTE
    ..\Src\spi.c                             0x00000000   Number         0  spi.o ABSOLUTE
    ..\Src\stm32f4xx_hal_msp.c               0x00000000   Number         0  stm32f4xx_hal_msp.o ABSOLUTE
    ..\Src\stm32f4xx_it.c                    0x00000000   Number         0  stm32f4xx_it.o ABSOLUTE
    ..\Src\system_stm32f4xx.c                0x00000000   Number         0  system_stm32f4xx.o ABSOLUTE
    ..\Src\usart.c                           0x00000000   Number         0  usart.o ABSOLUTE
    ..\WARE\Char_library.c                   0x00000000   Number         0  char_library.o ABSOLUTE
    ..\WARE\KEY.c                            0x00000000   Number         0  key.o ABSOLUTE
    ..\WARE\LED.c                            0x00000000   Number         0  led.o ABSOLUTE
    ..\WARE\LM75AD.c                         0x00000000   Number         0  lm75ad.o ABSOLUTE
    ..\WARE\OLED_SPI.c                       0x00000000   Number         0  oled_spi.o ABSOLUTE
    ..\WARE\delay.c                          0x00000000   Number         0  delay.o ABSOLUTE
    ..\WARE\sys.c                            0x00000000   Number         0  sys.o ABSOLUTE
    ..\\WARE\\KEY.c                          0x00000000   Number         0  key.o ABSOLUTE
    ..\\WARE\\LED.c                          0x00000000   Number         0  led.o ABSOLUTE
    ..\\WARE\\LM75AD.c                       0x00000000   Number         0  lm75ad.o ABSOLUTE
    ..\\WARE\\OLED_SPI.c                     0x00000000   Number         0  oled_spi.o ABSOLUTE
    ..\\WARE\\delay.c                        0x00000000   Number         0  delay.o ABSOLUTE
    ..\\WARE\\sys.c                          0x00000000   Number         0  sys.o ABSOLUTE
    dc.s                                     0x00000000   Number         0  dc.o ABSOLUTE
    handlers.s                               0x00000000   Number         0  handlers.o ABSOLUTE
    init.s                                   0x00000000   Number         0  init.o ABSOLUTE
    startup_stm32f411xe.s                    0x00000000   Number         0  startup_stm32f411xe.o ABSOLUTE
    RESET                                    0x08000000   Section      408  startup_stm32f411xe.o(RESET)
    .ARM.Collect$$$$00000000                 0x08000198   Section        0  entry.o(.ARM.Collect$$$$00000000)
    .ARM.Collect$$$$00000001                 0x08000198   Section        4  entry2.o(.ARM.Collect$$$$00000001)
    .ARM.Collect$$$$00000004                 0x0800019c   Section        4  entry5.o(.ARM.Collect$$$$00000004)
    .ARM.Collect$$$$00000008                 0x080001a0   Section        0  entry7b.o(.ARM.Collect$$$$00000008)
    .ARM.Collect$$$$0000000A                 0x080001a0   Section        0  entry8b.o(.ARM.Collect$$$$0000000A)
    .ARM.Collect$$$$0000000B                 0x080001a0   Section        8  entry9a.o(.ARM.Collect$$$$0000000B)
    .ARM.Collect$$$$0000000E                 0x080001a8   Section        4  entry12b.o(.ARM.Collect$$$$0000000E)
    .ARM.Collect$$$$0000000F                 0x080001ac   Section        0  entry10a.o(.ARM.Collect$$$$0000000F)
    .ARM.Collect$$$$00000011                 0x080001ac   Section        0  entry11a.o(.ARM.Collect$$$$00000011)
    .ARM.Collect$$$$00002712                 0x080001ac   Section        4  entry2.o(.ARM.Collect$$$$00002712)
    __lit__00000000                          0x080001ac   Data           4  entry2.o(.ARM.Collect$$$$00002712)
    .text                                    0x080001b0   Section       36  startup_stm32f411xe.o(.text)
    $v0                                      0x080001b0   Number         0  startup_stm32f411xe.o(.text)
    .text                                    0x080001d4   Section        0  uldiv.o(.text)
    .text                                    0x08000236   Section        0  memseta.o(.text)
    .text                                    0x0800025a   Section        0  dmul.o(.text)
    .text                                    0x0800033e   Section        0  dflti.o(.text)
    .text                                    0x08000360   Section        0  d2f.o(.text)
    .text                                    0x08000398   Section        0  llshl.o(.text)
    .text                                    0x080003b6   Section        0  llushr.o(.text)
    .text                                    0x080003d6   Section        0  iusefp.o(.text)
    .text                                    0x080003d6   Section        0  fepilogue.o(.text)
    .text                                    0x08000444   Section        0  depilogue.o(.text)
    .text                                    0x08000500   Section       36  init.o(.text)
    i.ADC_Init                               0x08000524   Section        0  stm32f4xx_hal_adc.o(i.ADC_Init)
    ADC_Init                                 0x08000525   Thumb Code   284  stm32f4xx_hal_adc.o(i.ADC_Init)
    i.BusFault_Handler                       0x0800064c   Section        0  stm32f4xx_it.o(i.BusFault_Handler)
    i.DebugMon_Handler                       0x0800064e   Section        0  stm32f4xx_it.o(i.DebugMon_Handler)
    i.Error_Handler                          0x08000650   Section        0  main.o(i.Error_Handler)
    i.GUI_Alarm                              0x08000654   Section        0  oled_spi.o(i.GUI_Alarm)
    i.GUI_Init                               0x08000a76   Section        0  oled_spi.o(i.GUI_Init)
    i.GUI_Temperature                        0x08000ab8   Section        0  oled_spi.o(i.GUI_Temperature)
    i.GUI_Time                               0x08000c70   Section        0  oled_spi.o(i.GUI_Time)
    i.HAL_ADC_ConfigChannel                  0x0800115c   Section        0  stm32f4xx_hal_adc.o(i.HAL_ADC_ConfigChannel)
    i.HAL_ADC_GetValue                       0x080012c0   Section        0  stm32f4xx_hal_adc.o(i.HAL_ADC_GetValue)
    i.HAL_ADC_Init                           0x080012c6   Section        0  stm32f4xx_hal_adc.o(i.HAL_ADC_Init)
    i.HAL_ADC_MspInit                        0x0800131c   Section        0  adc.o(i.HAL_ADC_MspInit)
    i.HAL_ADC_PollForConversion              0x0800137c   Section        0  stm32f4xx_hal_adc.o(i.HAL_ADC_PollForConversion)
    i.HAL_ADC_Start                          0x08001420   Section        0  stm32f4xx_hal_adc.o(i.HAL_ADC_Start)
    i.HAL_Delay                              0x080014dc   Section        0  stm32f4xx_hal.o(i.HAL_Delay)
    i.HAL_GPIO_Init                          0x08001500   Section        0  stm32f4xx_hal_gpio.o(i.HAL_GPIO_Init)
    i.HAL_GPIO_ReadPin                       0x08001694   Section        0  stm32f4xx_hal_gpio.o(i.HAL_GPIO_ReadPin)
    i.HAL_GPIO_WritePin                      0x0800169e   Section        0  stm32f4xx_hal_gpio.o(i.HAL_GPIO_WritePin)
    i.HAL_GetTick                            0x080016a8   Section        0  stm32f4xx_hal.o(i.HAL_GetTick)
    i.HAL_I2C_Init                           0x080016b4   Section        0  stm32f4xx_hal_i2c.o(i.HAL_I2C_Init)
    i.HAL_I2C_Master_Receive                 0x0800183c   Section        0  stm32f4xx_hal_i2c.o(i.HAL_I2C_Master_Receive)
    i.HAL_I2C_Master_Transmit                0x08001a1c   Section        0  stm32f4xx_hal_i2c.o(i.HAL_I2C_Master_Transmit)
    i.HAL_I2C_Mem_Write                      0x08001b48   Section        0  stm32f4xx_hal_i2c.o(i.HAL_I2C_Mem_Write)
    i.HAL_I2C_MspInit                        0x08001c78   Section        0  i2c.o(i.HAL_I2C_MspInit)
    i.HAL_IncTick                            0x08001ce4   Section        0  stm32f4xx_hal.o(i.HAL_IncTick)
    i.HAL_InitTick                           0x08001cf4   Section        0  stm32f4xx_hal.o(i.HAL_InitTick)
    i.HAL_MultiProcessor_Init                0x08001d34   Section        0  stm32f4xx_hal_uart.o(i.HAL_MultiProcessor_Init)
    i.HAL_NVIC_SetPriority                   0x08001dc4   Section        0  stm32f4xx_hal_cortex.o(i.HAL_NVIC_SetPriority)
    i.HAL_RCCEx_PeriphCLKConfig              0x08001e04   Section        0  stm32f4xx_hal_rcc_ex.o(i.HAL_RCCEx_PeriphCLKConfig)
    i.HAL_RCC_ClockConfig                    0x08001f58   Section        0  stm32f4xx_hal_rcc.o(i.HAL_RCC_ClockConfig)
    i.HAL_RCC_GetPCLK1Freq                   0x0800208c   Section        0  stm32f4xx_hal_rcc.o(i.HAL_RCC_GetPCLK1Freq)
    i.HAL_RCC_GetPCLK2Freq                   0x080020ac   Section        0  stm32f4xx_hal_rcc.o(i.HAL_RCC_GetPCLK2Freq)
    i.HAL_RCC_GetSysClockFreq                0x080020cc   Section        0  stm32f4xx_hal_rcc.o(i.HAL_RCC_GetSysClockFreq)
    i.HAL_RCC_OscConfig                      0x0800212c   Section        0  stm32f4xx_hal_rcc.o(i.HAL_RCC_OscConfig)
    i.HAL_RTC_GetDate                        0x08002488   Section        0  stm32f4xx_hal_rtc.o(i.HAL_RTC_GetDate)
    i.HAL_RTC_GetTime                        0x080024cc   Section        0  stm32f4xx_hal_rtc.o(i.HAL_RTC_GetTime)
    i.HAL_RTC_Init                           0x08002524   Section        0  stm32f4xx_hal_rtc.o(i.HAL_RTC_Init)
    i.HAL_RTC_MspInit                        0x080025d0   Section        0  rtc.o(i.HAL_RTC_MspInit)
    i.HAL_RTC_SetDate                        0x080025e8   Section        0  stm32f4xx_hal_rtc.o(i.HAL_RTC_SetDate)
    i.HAL_RTC_SetTime                        0x080026b0   Section        0  stm32f4xx_hal_rtc.o(i.HAL_RTC_SetTime)
    i.HAL_RTC_WaitForSynchro                 0x0800279c   Section        0  stm32f4xx_hal_rtc.o(i.HAL_RTC_WaitForSynchro)
    i.HAL_SPI_Init                           0x080027d2   Section        0  stm32f4xx_hal_spi.o(i.HAL_SPI_Init)
    i.HAL_SPI_MspInit                        0x08002854   Section        0  spi.o(i.HAL_SPI_MspInit)
    i.HAL_SPI_Transmit                       0x080028bc   Section        0  stm32f4xx_hal_spi.o(i.HAL_SPI_Transmit)
    i.HAL_SYSTICK_CLKSourceConfig            0x08002a18   Section        0  stm32f4xx_hal_cortex.o(i.HAL_SYSTICK_CLKSourceConfig)
    i.HAL_SYSTICK_Config                     0x08002a30   Section        0  stm32f4xx_hal_cortex.o(i.HAL_SYSTICK_Config)
    i.HAL_UART_MspInit                       0x08002a58   Section        0  usart.o(i.HAL_UART_MspInit)
    i.HardFault_Handler                      0x08002ac4   Section        0  stm32f4xx_it.o(i.HardFault_Handler)
    i.I2C_IsAcknowledgeFailed                0x08002ac6   Section        0  stm32f4xx_hal_i2c.o(i.I2C_IsAcknowledgeFailed)
    I2C_IsAcknowledgeFailed                  0x08002ac7   Thumb Code    46  stm32f4xx_hal_i2c.o(i.I2C_IsAcknowledgeFailed)
    i.I2C_MasterRequestRead                  0x08002af4   Section        0  stm32f4xx_hal_i2c.o(i.I2C_MasterRequestRead)
    I2C_MasterRequestRead                    0x08002af5   Thumb Code   230  stm32f4xx_hal_i2c.o(i.I2C_MasterRequestRead)
    i.I2C_MasterRequestWrite                 0x08002be0   Section        0  stm32f4xx_hal_i2c.o(i.I2C_MasterRequestWrite)
    I2C_MasterRequestWrite                   0x08002be1   Thumb Code   150  stm32f4xx_hal_i2c.o(i.I2C_MasterRequestWrite)
    i.I2C_RequestMemoryWrite                 0x08002c7c   Section        0  stm32f4xx_hal_i2c.o(i.I2C_RequestMemoryWrite)
    I2C_RequestMemoryWrite                   0x08002c7d   Thumb Code   162  stm32f4xx_hal_i2c.o(i.I2C_RequestMemoryWrite)
    i.I2C_WaitOnBTFFlagUntilTimeout          0x08002d24   Section        0  stm32f4xx_hal_i2c.o(i.I2C_WaitOnBTFFlagUntilTimeout)
    I2C_WaitOnBTFFlagUntilTimeout            0x08002d25   Thumb Code    76  stm32f4xx_hal_i2c.o(i.I2C_WaitOnBTFFlagUntilTimeout)
    i.I2C_WaitOnFlagUntilTimeout             0x08002d70   Section        0  stm32f4xx_hal_i2c.o(i.I2C_WaitOnFlagUntilTimeout)
    I2C_WaitOnFlagUntilTimeout               0x08002d71   Thumb Code   104  stm32f4xx_hal_i2c.o(i.I2C_WaitOnFlagUntilTimeout)
    i.I2C_WaitOnMasterAddressFlagUntilTimeout 0x08002dd8   Section        0  stm32f4xx_hal_i2c.o(i.I2C_WaitOnMasterAddressFlagUntilTimeout)
    I2C_WaitOnMasterAddressFlagUntilTimeout  0x08002dd9   Thumb Code   150  stm32f4xx_hal_i2c.o(i.I2C_WaitOnMasterAddressFlagUntilTimeout)
    i.I2C_WaitOnRXNEFlagUntilTimeout         0x08002e6e   Section        0  stm32f4xx_hal_i2c.o(i.I2C_WaitOnRXNEFlagUntilTimeout)
    I2C_WaitOnRXNEFlagUntilTimeout           0x08002e6f   Thumb Code   102  stm32f4xx_hal_i2c.o(i.I2C_WaitOnRXNEFlagUntilTimeout)
    i.I2C_WaitOnTXEFlagUntilTimeout          0x08002ed4   Section        0  stm32f4xx_hal_i2c.o(i.I2C_WaitOnTXEFlagUntilTimeout)
    I2C_WaitOnTXEFlagUntilTimeout            0x08002ed5   Thumb Code    76  stm32f4xx_hal_i2c.o(i.I2C_WaitOnTXEFlagUntilTimeout)
    i.KEY_GetPinState                        0x08002f20   Section        0  key.o(i.KEY_GetPinState)
    i.LED_State                              0x08002fac   Section        0  led.o(i.LED_State)
    i.LM75AD_Init                            0x08003008   Section        0  lm75ad.o(i.LM75AD_Init)
    i.MX_ADC1_Init                           0x0800302c   Section        0  adc.o(i.MX_ADC1_Init)
    i.MX_GPIO_Init                           0x08003090   Section        0  gpio.o(i.MX_GPIO_Init)
    i.MX_I2C1_Init                           0x0800319c   Section        0  i2c.o(i.MX_I2C1_Init)
    i.MX_RTC_Init                            0x080031dc   Section        0  rtc.o(i.MX_RTC_Init)
    i.MX_SPI1_Init                           0x08003268   Section        0  spi.o(i.MX_SPI1_Init)
    i.MX_USART1_UART_Init                    0x080032ac   Section        0  usart.o(i.MX_USART1_UART_Init)
    i.MemManage_Handler                      0x080032e8   Section        0  stm32f4xx_it.o(i.MemManage_Handler)
    i.NMI_Handler                            0x080032ea   Section        0  stm32f4xx_it.o(i.NMI_Handler)
    i.OLED_Circle                            0x080032ec   Section        0  oled_spi.o(i.OLED_Circle)
    i.OLED_Clear                             0x080033a0   Section        0  oled_spi.o(i.OLED_Clear)
    i.OLED_Init                              0x080033cc   Section        0  oled_spi.o(i.OLED_Init)
    i.OLED_Point                             0x080034d8   Section        0  oled_spi.o(i.OLED_Point)
    i.OLED_Point_NW                          0x08003508   Section        0  oled_spi.o(i.OLED_Point_NW)
    i.OLED_Pow                               0x08003524   Section        0  oled_spi.o(i.OLED_Pow)
    i.OLED_Refresh                           0x08003534   Section        0  oled_spi.o(i.OLED_Refresh)
    i.OLED_SetPlace                          0x08003580   Section        0  oled_spi.o(i.OLED_SetPlace)
    i.OLED_ShowChar                          0x080035a8   Section        0  oled_spi.o(i.OLED_ShowChar)
    i.OLED_ShowChinese                       0x080036d8   Section        0  oled_spi.o(i.OLED_ShowChinese)
    i.OLED_ShowNum                           0x08003878   Section        0  oled_spi.o(i.OLED_ShowNum)
    i.OLED_ShowNum_Sign                      0x080038d6   Section        0  oled_spi.o(i.OLED_ShowNum_Sign)
    i.OLED_ShowString                        0x08003918   Section        0  oled_spi.o(i.OLED_ShowString)
    i.OLED_WriteByte                         0x08003958   Section        0  oled_spi.o(i.OLED_WriteByte)
    i.OLED_nPoint_NW                         0x080039a8   Section        0  oled_spi.o(i.OLED_nPoint_NW)
    i.PendSV_Handler                         0x080039c4   Section        0  stm32f4xx_it.o(i.PendSV_Handler)
    i.RTC_Bcd2ToByte                         0x080039c6   Section        0  stm32f4xx_hal_rtc.o(i.RTC_Bcd2ToByte)
    i.RTC_ByteToBcd2                         0x080039d8   Section        0  stm32f4xx_hal_rtc.o(i.RTC_ByteToBcd2)
    i.RTC_EnterInitMode                      0x080039f0   Section        0  stm32f4xx_hal_rtc.o(i.RTC_EnterInitMode)
    i.SPI_EndRxTxTransaction                 0x08003a2c   Section        0  stm32f4xx_hal_spi.o(i.SPI_EndRxTxTransaction)
    SPI_EndRxTxTransaction                   0x08003a2d   Thumb Code    80  stm32f4xx_hal_spi.o(i.SPI_EndRxTxTransaction)
    i.SPI_WaitFlagStateUntilTimeout          0x08003a84   Section        0  stm32f4xx_hal_spi.o(i.SPI_WaitFlagStateUntilTimeout)
    SPI_WaitFlagStateUntilTimeout            0x08003a85   Thumb Code   148  stm32f4xx_hal_spi.o(i.SPI_WaitFlagStateUntilTimeout)
    i.SVC_Handler                            0x08003b18   Section        0  stm32f4xx_it.o(i.SVC_Handler)
    i.SysTick_Handler                        0x08003b1a   Section        0  stm32f4xx_it.o(i.SysTick_Handler)
    i.SystemClock_Config                     0x08003b20   Section        0  main.o(i.SystemClock_Config)
    i.SystemInit                             0x08003bd0   Section        0  system_stm32f4xx.o(i.SystemInit)
    i.UART_SetConfig                         0x08003bec   Section        0  stm32f4xx_hal_uart.o(i.UART_SetConfig)
    UART_SetConfig                           0x08003bed   Thumb Code   286  stm32f4xx_hal_uart.o(i.UART_SetConfig)
    i.UsageFault_Handler                     0x08003d14   Section        0  stm32f4xx_it.o(i.UsageFault_Handler)
    i.__NVIC_SetPriority                     0x08003d16   Section        0  stm32f4xx_hal_cortex.o(i.__NVIC_SetPriority)
    __NVIC_SetPriority                       0x08003d17   Thumb Code    32  stm32f4xx_hal_cortex.o(i.__NVIC_SetPriority)
    i.__scatterload_copy                     0x08003d36   Section       14  handlers.o(i.__scatterload_copy)
    i.__scatterload_null                     0x08003d44   Section        2  handlers.o(i.__scatterload_null)
    i.__scatterload_zeroinit                 0x08003d46   Section       14  handlers.o(i.__scatterload_zeroinit)
    i.beep_music                             0x08003d54   Section        0  oled_spi.o(i.beep_music)
    i.beep_tone                              0x08003fc4   Section        0  oled_spi.o(i.beep_tone)
    i.delay_init                             0x08004014   Section        0  delay.o(i.delay_init)
    i.delay_ms                               0x08004028   Section        0  delay.o(i.delay_ms)
    i.delay_us                               0x08004044   Section        0  delay.o(i.delay_us)
    i.main                                   0x08004078   Section        0  main.o(i.main)
    .constdata                               0x08004248   Section       16  system_stm32f4xx.o(.constdata)
    .constdata                               0x08004258   Section        8  system_stm32f4xx.o(.constdata)
    .constdata                               0x08004260   Section     1140  char_library.o(.constdata)
    .constdata                               0x080046d4   Section     1520  char_library.o(.constdata)
    .constdata                               0x08004cc4   Section     3420  char_library.o(.constdata)
    .constdata                               0x08005a20   Section     6080  char_library.o(.constdata)
    .constdata                               0x080071e0   Section      640  char_library.o(.constdata)
    .constdata                               0x08007460   Section      648  char_library.o(.constdata)
    .constdata                               0x080076e8   Section      512  char_library.o(.constdata)
    .constdata                               0x080078e8   Section     4096  char_library.o(.constdata)
    .constdata                               0x080088e8   Section      648  char_library.o(.constdata)
    .constdata                               0x08008b70   Section      288  char_library.o(.constdata)
    .constdata                               0x08008c90   Section      288  char_library.o(.constdata)
    .data                                    0x20000000   Section       12  stm32f4xx_hal.o(.data)
    .data                                    0x2000000c   Section        4  system_stm32f4xx.o(.data)
    .data                                    0x20000010   Section        4  delay.o(.data)
    fac_us                                   0x20000010   Data           4  delay.o(.data)
    .data                                    0x20000014   Section       12  oled_spi.o(.data)
    .bss                                     0x20000020   Section       72  adc.o(.bss)
    .bss                                     0x20000068   Section       84  i2c.o(.bss)
    .bss                                     0x200000bc   Section       32  rtc.o(.bss)
    .bss                                     0x200000dc   Section       88  spi.o(.bss)
    .bss                                     0x20000134   Section       64  usart.o(.bss)
    .bss                                     0x20000174   Section     8380  oled_spi.o(.bss)
    STACK                                    0x20002230   Section     1024  startup_stm32f411xe.o(STACK)

    Global Symbols

    Symbol Name                              Value     Ov Type        Size  Object(Section)

    BuildAttributes$$THM_ISAv4$E$P$D$K$B$S$7EM$VFPi3$EXTD16$VFPS$VFMA$PE$A:L22UL41UL21$X:L11$S22US41US21$IEEE1$IW$USESV6$~STKCKD$USESV7$~SHL$OTIME$ROPI$EBA8$MICROLIB$REQ8$PRES8$EABIv2 0x00000000   Number         0  anon$$obj.o ABSOLUTE
    __ARM_use_no_argv                        0x00000000   Number         0  main.o ABSOLUTE
    __arm_fini_                               - Undefined Weak Reference
    __cpp_initialize__aeabi_                  - Undefined Weak Reference
    __cxa_finalize                            - Undefined Weak Reference
    __decompress                              - Undefined Weak Reference
    _clock_init                               - Undefined Weak Reference
    _microlib_exit                            - Undefined Weak Reference
    __Vectors_Size                           0x00000198   Number         0  startup_stm32f411xe.o ABSOLUTE
    __Vectors                                0x08000000   Data           4  startup_stm32f411xe.o(RESET)
    __Vectors_End                            0x08000198   Data           0  startup_stm32f411xe.o(RESET)
    __main                                   0x08000199   Thumb Code     0  entry.o(.ARM.Collect$$$$00000000)
    _main_stk                                0x08000199   Thumb Code     0  entry2.o(.ARM.Collect$$$$00000001)
    _main_scatterload                        0x0800019d   Thumb Code     0  entry5.o(.ARM.Collect$$$$00000004)
    __main_after_scatterload                 0x080001a1   Thumb Code     0  entry5.o(.ARM.Collect$$$$00000004)
    _main_clock                              0x080001a1   Thumb Code     0  entry7b.o(.ARM.Collect$$$$00000008)
    _main_cpp_init                           0x080001a1   Thumb Code     0  entry8b.o(.ARM.Collect$$$$0000000A)
    _main_init                               0x080001a1   Thumb Code     0  entry9a.o(.ARM.Collect$$$$0000000B)
    __rt_lib_shutdown_fini                   0x080001a9   Thumb Code     0  entry12b.o(.ARM.Collect$$$$0000000E)
    __rt_final_cpp                           0x080001ad   Thumb Code     0  entry10a.o(.ARM.Collect$$$$0000000F)
    __rt_final_exit                          0x080001ad   Thumb Code     0  entry11a.o(.ARM.Collect$$$$00000011)
    Reset_Handler                            0x080001b1   Thumb Code     8  startup_stm32f411xe.o(.text)
    ADC_IRQHandler                           0x080001cb   Thumb Code     0  startup_stm32f411xe.o(.text)
    DMA1_Stream0_IRQHandler                  0x080001cb   Thumb Code     0  startup_stm32f411xe.o(.text)
    DMA1_Stream1_IRQHandler                  0x080001cb   Thumb Code     0  startup_stm32f411xe.o(.text)
    DMA1_Stream2_IRQHandler                  0x080001cb   Thumb Code     0  startup_stm32f411xe.o(.text)
    DMA1_Stream3_IRQHandler                  0x080001cb   Thumb Code     0  startup_stm32f411xe.o(.text)
    DMA1_Stream4_IRQHandler                  0x080001cb   Thumb Code     0  startup_stm32f411xe.o(.text)
    DMA1_Stream5_IRQHandler                  0x080001cb   Thumb Code     0  startup_stm32f411xe.o(.text)
    DMA1_Stream6_IRQHandler                  0x080001cb   Thumb Code     0  startup_stm32f411xe.o(.text)
    DMA1_Stream7_IRQHandler                  0x080001cb   Thumb Code     0  startup_stm32f411xe.o(.text)
    DMA2_Stream0_IRQHandler                  0x080001cb   Thumb Code     0  startup_stm32f411xe.o(.text)
    DMA2_Stream1_IRQHandler                  0x080001cb   Thumb Code     0  startup_stm32f411xe.o(.text)
    DMA2_Stream2_IRQHandler                  0x080001cb   Thumb Code     0  startup_stm32f411xe.o(.text)
    DMA2_Stream3_IRQHandler                  0x080001cb   Thumb Code     0  startup_stm32f411xe.o(.text)
    DMA2_Stream4_IRQHandler                  0x080001cb   Thumb Code     0  startup_stm32f411xe.o(.text)
    DMA2_Stream5_IRQHandler                  0x080001cb   Thumb Code     0  startup_stm32f411xe.o(.text)
    DMA2_Stream6_IRQHandler                  0x080001cb   Thumb Code     0  startup_stm32f411xe.o(.text)
    DMA2_Stream7_IRQHandler                  0x080001cb   Thumb Code     0  startup_stm32f411xe.o(.text)
    EXTI0_IRQHandler                         0x080001cb   Thumb Code     0  startup_stm32f411xe.o(.text)
    EXTI15_10_IRQHandler                     0x080001cb   Thumb Code     0  startup_stm32f411xe.o(.text)
    EXTI1_IRQHandler                         0x080001cb   Thumb Code     0  startup_stm32f411xe.o(.text)
    EXTI2_IRQHandler                         0x080001cb   Thumb Code     0  startup_stm32f411xe.o(.text)
    EXTI3_IRQHandler                         0x080001cb   Thumb Code     0  startup_stm32f411xe.o(.text)
    EXTI4_IRQHandler                         0x080001cb   Thumb Code     0  startup_stm32f411xe.o(.text)
    EXTI9_5_IRQHandler                       0x080001cb   Thumb Code     0  startup_stm32f411xe.o(.text)
    FLASH_IRQHandler                         0x080001cb   Thumb Code     0  startup_stm32f411xe.o(.text)
    FPU_IRQHandler                           0x080001cb   Thumb Code     0  startup_stm32f411xe.o(.text)
    I2C1_ER_IRQHandler                       0x080001cb   Thumb Code     0  startup_stm32f411xe.o(.text)
    I2C1_EV_IRQHandler                       0x080001cb   Thumb Code     0  startup_stm32f411xe.o(.text)
    I2C2_ER_IRQHandler                       0x080001cb   Thumb Code     0  startup_stm32f411xe.o(.text)
    I2C2_EV_IRQHandler                       0x080001cb   Thumb Code     0  startup_stm32f411xe.o(.text)
    I2C3_ER_IRQHandler                       0x080001cb   Thumb Code     0  startup_stm32f411xe.o(.text)
    I2C3_EV_IRQHandler                       0x080001cb   Thumb Code     0  startup_stm32f411xe.o(.text)
    OTG_FS_IRQHandler                        0x080001cb   Thumb Code     0  startup_stm32f411xe.o(.text)
    OTG_FS_WKUP_IRQHandler                   0x080001cb   Thumb Code     0  startup_stm32f411xe.o(.text)
    PVD_IRQHandler                           0x080001cb   Thumb Code     0  startup_stm32f411xe.o(.text)
    RCC_IRQHandler                           0x080001cb   Thumb Code     0  startup_stm32f411xe.o(.text)
    RTC_Alarm_IRQHandler                     0x080001cb   Thumb Code     0  startup_stm32f411xe.o(.text)
    RTC_WKUP_IRQHandler                      0x080001cb   Thumb Code     0  startup_stm32f411xe.o(.text)
    SDIO_IRQHandler                          0x080001cb   Thumb Code     0  startup_stm32f411xe.o(.text)
    SPI1_IRQHandler                          0x080001cb   Thumb Code     0  startup_stm32f411xe.o(.text)
    SPI2_IRQHandler                          0x080001cb   Thumb Code     0  startup_stm32f411xe.o(.text)
    SPI3_IRQHandler                          0x080001cb   Thumb Code     0  startup_stm32f411xe.o(.text)
    SPI4_IRQHandler                          0x080001cb   Thumb Code     0  startup_stm32f411xe.o(.text)
    SPI5_IRQHandler                          0x080001cb   Thumb Code     0  startup_stm32f411xe.o(.text)
    TAMP_STAMP_IRQHandler                    0x080001cb   Thumb Code     0  startup_stm32f411xe.o(.text)
    TIM1_BRK_TIM9_IRQHandler                 0x080001cb   Thumb Code     0  startup_stm32f411xe.o(.text)
    TIM1_CC_IRQHandler                       0x080001cb   Thumb Code     0  startup_stm32f411xe.o(.text)
    TIM1_TRG_COM_TIM11_IRQHandler            0x080001cb   Thumb Code     0  startup_stm32f411xe.o(.text)
    TIM1_UP_TIM10_IRQHandler                 0x080001cb   Thumb Code     0  startup_stm32f411xe.o(.text)
    TIM2_IRQHandler                          0x080001cb   Thumb Code     0  startup_stm32f411xe.o(.text)
    TIM3_IRQHandler                          0x080001cb   Thumb Code     0  startup_stm32f411xe.o(.text)
    TIM4_IRQHandler                          0x080001cb   Thumb Code     0  startup_stm32f411xe.o(.text)
    TIM5_IRQHandler                          0x080001cb   Thumb Code     0  startup_stm32f411xe.o(.text)
    USART1_IRQHandler                        0x080001cb   Thumb Code     0  startup_stm32f411xe.o(.text)
    USART2_IRQHandler                        0x080001cb   Thumb Code     0  startup_stm32f411xe.o(.text)
    USART6_IRQHandler                        0x080001cb   Thumb Code     0  startup_stm32f411xe.o(.text)
    WWDG_IRQHandler                          0x080001cb   Thumb Code     0  startup_stm32f411xe.o(.text)
    __aeabi_uldivmod                         0x080001d5   Thumb Code    98  uldiv.o(.text)
    __aeabi_memset                           0x08000237   Thumb Code    14  memseta.o(.text)
    __aeabi_memset4                          0x08000237   Thumb Code     0  memseta.o(.text)
    __aeabi_memset8                          0x08000237   Thumb Code     0  memseta.o(.text)
    __aeabi_memclr                           0x08000245   Thumb Code     4  memseta.o(.text)
    __aeabi_memclr4                          0x08000245   Thumb Code     0  memseta.o(.text)
    __aeabi_memclr8                          0x08000245   Thumb Code     0  memseta.o(.text)
    _memset$wrapper                          0x08000249   Thumb Code    18  memseta.o(.text)
    __aeabi_dmul                             0x0800025b   Thumb Code   228  dmul.o(.text)
    __aeabi_i2d                              0x0800033f   Thumb Code    34  dflti.o(.text)
    __aeabi_d2f                              0x08000361   Thumb Code    56  d2f.o(.text)
    __aeabi_llsl                             0x08000399   Thumb Code    30  llshl.o(.text)
    _ll_shift_l                              0x08000399   Thumb Code     0  llshl.o(.text)
    __aeabi_llsr                             0x080003b7   Thumb Code    32  llushr.o(.text)
    _ll_ushift_r                             0x080003b7   Thumb Code     0  llushr.o(.text)
    __I$use$fp                               0x080003d7   Thumb Code     0  iusefp.o(.text)
    _float_round                             0x080003d7   Thumb Code    18  fepilogue.o(.text)
    _float_epilogue                          0x080003e9   Thumb Code    92  fepilogue.o(.text)
    _double_round                            0x08000445   Thumb Code    30  depilogue.o(.text)
    _double_epilogue                         0x08000463   Thumb Code   156  depilogue.o(.text)
    __scatterload                            0x08000501   Thumb Code    28  init.o(.text)
    __scatterload_rt2                        0x08000501   Thumb Code     0  init.o(.text)
    BusFault_Handler                         0x0800064d   Thumb Code     2  stm32f4xx_it.o(i.BusFault_Handler)
    DebugMon_Handler                         0x0800064f   Thumb Code     2  stm32f4xx_it.o(i.DebugMon_Handler)
    Error_Handler                            0x08000651   Thumb Code     4  main.o(i.Error_Handler)
    GUI_Alarm                                0x08000655   Thumb Code  1058  oled_spi.o(i.GUI_Alarm)
    GUI_Init                                 0x08000a77   Thumb Code    66  oled_spi.o(i.GUI_Init)
    GUI_Temperature                          0x08000ab9   Thumb Code   382  oled_spi.o(i.GUI_Temperature)
    GUI_Time                                 0x08000c71   Thumb Code  1252  oled_spi.o(i.GUI_Time)
    HAL_ADC_ConfigChannel                    0x0800115d   Thumb Code   334  stm32f4xx_hal_adc.o(i.HAL_ADC_ConfigChannel)
    HAL_ADC_GetValue                         0x080012c1   Thumb Code     6  stm32f4xx_hal_adc.o(i.HAL_ADC_GetValue)
    HAL_ADC_Init                             0x080012c7   Thumb Code    84  stm32f4xx_hal_adc.o(i.HAL_ADC_Init)
    HAL_ADC_MspInit                          0x0800131d   Thumb Code    84  adc.o(i.HAL_ADC_MspInit)
    HAL_ADC_PollForConversion                0x0800137d   Thumb Code   162  stm32f4xx_hal_adc.o(i.HAL_ADC_PollForConversion)
    HAL_ADC_Start                            0x08001421   Thumb Code   170  stm32f4xx_hal_adc.o(i.HAL_ADC_Start)
    HAL_Delay                                0x080014dd   Thumb Code    32  stm32f4xx_hal.o(i.HAL_Delay)
    HAL_GPIO_Init                            0x08001501   Thumb Code   370  stm32f4xx_hal_gpio.o(i.HAL_GPIO_Init)
    HAL_GPIO_ReadPin                         0x08001695   Thumb Code    10  stm32f4xx_hal_gpio.o(i.HAL_GPIO_ReadPin)
    HAL_GPIO_WritePin                        0x0800169f   Thumb Code    10  stm32f4xx_hal_gpio.o(i.HAL_GPIO_WritePin)
    HAL_GetTick                              0x080016a9   Thumb Code     6  stm32f4xx_hal.o(i.HAL_GetTick)
    HAL_I2C_Init                             0x080016b5   Thumb Code   376  stm32f4xx_hal_i2c.o(i.HAL_I2C_Init)
    HAL_I2C_Master_Receive                   0x0800183d   Thumb Code   468  stm32f4xx_hal_i2c.o(i.HAL_I2C_Master_Receive)
    HAL_I2C_Master_Transmit                  0x08001a1d   Thumb Code   290  stm32f4xx_hal_i2c.o(i.HAL_I2C_Master_Transmit)
    HAL_I2C_Mem_Write                        0x08001b49   Thumb Code   294  stm32f4xx_hal_i2c.o(i.HAL_I2C_Mem_Write)
    HAL_I2C_MspInit                          0x08001c79   Thumb Code    94  i2c.o(i.HAL_I2C_MspInit)
    HAL_IncTick                              0x08001ce5   Thumb Code    12  stm32f4xx_hal.o(i.HAL_IncTick)
    HAL_InitTick                             0x08001cf5   Thumb Code    54  stm32f4xx_hal.o(i.HAL_InitTick)
    HAL_MultiProcessor_Init                  0x08001d35   Thumb Code   142  stm32f4xx_hal_uart.o(i.HAL_MultiProcessor_Init)
    HAL_NVIC_SetPriority                     0x08001dc5   Thumb Code    60  stm32f4xx_hal_cortex.o(i.HAL_NVIC_SetPriority)
    HAL_RCCEx_PeriphCLKConfig                0x08001e05   Thumb Code   314  stm32f4xx_hal_rcc_ex.o(i.HAL_RCCEx_PeriphCLKConfig)
    HAL_RCC_ClockConfig                      0x08001f59   Thumb Code   288  stm32f4xx_hal_rcc.o(i.HAL_RCC_ClockConfig)
    HAL_RCC_GetPCLK1Freq                     0x0800208d   Thumb Code    20  stm32f4xx_hal_rcc.o(i.HAL_RCC_GetPCLK1Freq)
    HAL_RCC_GetPCLK2Freq                     0x080020ad   Thumb Code    20  stm32f4xx_hal_rcc.o(i.HAL_RCC_GetPCLK2Freq)
    HAL_RCC_GetSysClockFreq                  0x080020cd   Thumb Code    88  stm32f4xx_hal_rcc.o(i.HAL_RCC_GetSysClockFreq)
    HAL_RCC_OscConfig                        0x0800212d   Thumb Code   840  stm32f4xx_hal_rcc.o(i.HAL_RCC_OscConfig)
    HAL_RTC_GetDate                          0x08002489   Thumb Code    62  stm32f4xx_hal_rtc.o(i.HAL_RTC_GetDate)
    HAL_RTC_GetTime                          0x080024cd   Thumb Code    82  stm32f4xx_hal_rtc.o(i.HAL_RTC_GetTime)
    HAL_RTC_Init                             0x08002525   Thumb Code   166  stm32f4xx_hal_rtc.o(i.HAL_RTC_Init)
    HAL_RTC_MspInit                          0x080025d1   Thumb Code    16  rtc.o(i.HAL_RTC_MspInit)
    HAL_RTC_SetDate                          0x080025e9   Thumb Code   194  stm32f4xx_hal_rtc.o(i.HAL_RTC_SetDate)
    HAL_RTC_SetTime                          0x080026b1   Thumb Code   230  stm32f4xx_hal_rtc.o(i.HAL_RTC_SetTime)
    HAL_RTC_WaitForSynchro                   0x0800279d   Thumb Code    54  stm32f4xx_hal_rtc.o(i.HAL_RTC_WaitForSynchro)
    HAL_SPI_Init                             0x080027d3   Thumb Code   128  stm32f4xx_hal_spi.o(i.HAL_SPI_Init)
    HAL_SPI_MspInit                          0x08002855   Thumb Code    92  spi.o(i.HAL_SPI_MspInit)
    HAL_SPI_Transmit                         0x080028bd   Thumb Code   348  stm32f4xx_hal_spi.o(i.HAL_SPI_Transmit)
    HAL_SYSTICK_CLKSourceConfig              0x08002a19   Thumb Code    24  stm32f4xx_hal_cortex.o(i.HAL_SYSTICK_CLKSourceConfig)
    HAL_SYSTICK_Config                       0x08002a31   Thumb Code    40  stm32f4xx_hal_cortex.o(i.HAL_SYSTICK_Config)
    HAL_UART_MspInit                         0x08002a59   Thumb Code    94  usart.o(i.HAL_UART_MspInit)
    HardFault_Handler                        0x08002ac5   Thumb Code     2  stm32f4xx_it.o(i.HardFault_Handler)
    KEY_GetPinState                          0x08002f21   Thumb Code   132  key.o(i.KEY_GetPinState)
    LED_State                                0x08002fad   Thumb Code    82  led.o(i.LED_State)
    LM75AD_Init                              0x08003009   Thumb Code    32  lm75ad.o(i.LM75AD_Init)
    MX_ADC1_Init                             0x0800302d   Thumb Code    86  adc.o(i.MX_ADC1_Init)
    MX_GPIO_Init                             0x08003091   Thumb Code   250  gpio.o(i.MX_GPIO_Init)
    MX_I2C1_Init                             0x0800319d   Thumb Code    50  i2c.o(i.MX_I2C1_Init)
    MX_RTC_Init                              0x080031dd   Thumb Code   130  rtc.o(i.MX_RTC_Init)
    MX_SPI1_Init                             0x08003269   Thumb Code    60  spi.o(i.MX_SPI1_Init)
    MX_USART1_UART_Init                      0x080032ad   Thumb Code    50  usart.o(i.MX_USART1_UART_Init)
    MemManage_Handler                        0x080032e9   Thumb Code     2  stm32f4xx_it.o(i.MemManage_Handler)
    NMI_Handler                              0x080032eb   Thumb Code     2  stm32f4xx_it.o(i.NMI_Handler)
    OLED_Circle                              0x080032ed   Thumb Code   180  oled_spi.o(i.OLED_Circle)
    OLED_Clear                               0x080033a1   Thumb Code    40  oled_spi.o(i.OLED_Clear)
    OLED_Init                                0x080033cd   Thumb Code   262  oled_spi.o(i.OLED_Init)
    OLED_Point                               0x080034d9   Thumb Code    42  oled_spi.o(i.OLED_Point)
    OLED_Point_NW                            0x08003509   Thumb Code    24  oled_spi.o(i.OLED_Point_NW)
    OLED_Pow                                 0x08003525   Thumb Code    16  oled_spi.o(i.OLED_Pow)
    OLED_Refresh                             0x08003535   Thumb Code    70  oled_spi.o(i.OLED_Refresh)
    OLED_SetPlace                            0x08003581   Thumb Code    40  oled_spi.o(i.OLED_SetPlace)
    OLED_ShowChar                            0x080035a9   Thumb Code   284  oled_spi.o(i.OLED_ShowChar)
    OLED_ShowChinese                         0x080036d9   Thumb Code   382  oled_spi.o(i.OLED_ShowChinese)
    OLED_ShowNum                             0x08003879   Thumb Code    94  oled_spi.o(i.OLED_ShowNum)
    OLED_ShowNum_Sign                        0x080038d7   Thumb Code    66  oled_spi.o(i.OLED_ShowNum_Sign)
    OLED_ShowString                          0x08003919   Thumb Code    64  oled_spi.o(i.OLED_ShowString)
    OLED_WriteByte                           0x08003959   Thumb Code    68  oled_spi.o(i.OLED_WriteByte)
    OLED_nPoint_NW                           0x080039a9   Thumb Code    24  oled_spi.o(i.OLED_nPoint_NW)
    PendSV_Handler                           0x080039c5   Thumb Code     2  stm32f4xx_it.o(i.PendSV_Handler)
    RTC_Bcd2ToByte                           0x080039c7   Thumb Code    18  stm32f4xx_hal_rtc.o(i.RTC_Bcd2ToByte)
    RTC_ByteToBcd2                           0x080039d9   Thumb Code    22  stm32f4xx_hal_rtc.o(i.RTC_ByteToBcd2)
    RTC_EnterInitMode                        0x080039f1   Thumb Code    58  stm32f4xx_hal_rtc.o(i.RTC_EnterInitMode)
    SVC_Handler                              0x08003b19   Thumb Code     2  stm32f4xx_it.o(i.SVC_Handler)
    SysTick_Handler                          0x08003b1b   Thumb Code     4  stm32f4xx_it.o(i.SysTick_Handler)
    SystemClock_Config                       0x08003b21   Thumb Code   166  main.o(i.SystemClock_Config)
    SystemInit                               0x08003bd1   Thumb Code    22  system_stm32f4xx.o(i.SystemInit)
    UsageFault_Handler                       0x08003d15   Thumb Code     2  stm32f4xx_it.o(i.UsageFault_Handler)
    __scatterload_copy                       0x08003d37   Thumb Code    14  handlers.o(i.__scatterload_copy)
    __scatterload_null                       0x08003d45   Thumb Code     2  handlers.o(i.__scatterload_null)
    __scatterload_zeroinit                   0x08003d47   Thumb Code    14  handlers.o(i.__scatterload_zeroinit)
    beep_music                               0x08003d55   Thumb Code   624  oled_spi.o(i.beep_music)
    beep_tone                                0x08003fc5   Thumb Code    72  oled_spi.o(i.beep_tone)
    delay_init                               0x08004015   Thumb Code    16  delay.o(i.delay_init)
    delay_ms                                 0x08004029   Thumb Code    26  delay.o(i.delay_ms)
    delay_us                                 0x08004045   Thumb Code    48  delay.o(i.delay_us)
    main                                     0x08004079   Thumb Code   448  main.o(i.main)
    AHBPrescTable                            0x08004248   Data          16  system_stm32f4xx.o(.constdata)
    APBPrescTable                            0x08004258   Data           8  system_stm32f4xx.o(.constdata)
    asc2_1206                                0x08004260   Data        1140  char_library.o(.constdata)
    asc2_1608                                0x080046d4   Data        1520  char_library.o(.constdata)
    asc2_2412                                0x08004cc4   Data        3420  char_library.o(.constdata)
    asc2_3216                                0x08005a20   Data        6080  char_library.o(.constdata)
    chinese16                                0x080071e0   Data         640  char_library.o(.constdata)
    chinese24                                0x08007460   Data         648  char_library.o(.constdata)
    chinese32                                0x080076e8   Data         512  char_library.o(.constdata)
    chinese64                                0x080078e8   Data        4096  char_library.o(.constdata)
    init1                                    0x080088e8   Data         648  char_library.o(.constdata)
    init2                                    0x08008b70   Data         288  char_library.o(.constdata)
    init3                                    0x08008c90   Data         288  char_library.o(.constdata)
    Region$$Table$$Base                      0x08008db0   Number         0  anon$$obj.o(Region$$Table)
    Region$$Table$$Limit                     0x08008dd0   Number         0  anon$$obj.o(Region$$Table)
    uwTickFreq                               0x20000000   Data           1  stm32f4xx_hal.o(.data)
    uwTickPrio                               0x20000004   Data           4  stm32f4xx_hal.o(.data)
    uwTick                                   0x20000008   Data           4  stm32f4xx_hal.o(.data)
    SystemCoreClock                          0x2000000c   Data           4  system_stm32f4xx.o(.data)
    tempData                                 0x20000014   Data           2  oled_spi.o(.data)
    temperature                              0x20000016   Data           2  oled_spi.o(.data)
    RTC_DATE                                 0x20000018   Data           4  oled_spi.o(.data)
    temperatureC                             0x2000001c   Data           4  oled_spi.o(.data)
    hadc1                                    0x20000020   Data          72  adc.o(.bss)
    hi2c1                                    0x20000068   Data          84  i2c.o(.bss)
    hrtc                                     0x200000bc   Data          32  rtc.o(.bss)
    hspi1                                    0x200000dc   Data          88  spi.o(.bss)
    huart1                                   0x20000134   Data          64  usart.o(.bss)
    GUI_TIME                                 0x20000174   Data          56  oled_spi.o(.bss)
    GUI_ALARM                                0x200001ac   Data          56  oled_spi.o(.bss)
    GUI_TEMPERATURE                          0x200001e4   Data          56  oled_spi.o(.bss)
    RTC_TIME                                 0x2000021c   Data          20  oled_spi.o(.bss)
    OLED_RAM                                 0x20000230   Data        8192  oled_spi.o(.bss)
    __initial_sp                             0x20002630   Data           0  startup_stm32f411xe.o(STACK)



==============================================================================

Memory Map of the image

  Image Entry point : 0x08000199

  Load Region LR_IROM1 (Base: 0x08000000, Size: 0x00008df0, Max: 0x00080000, ABSOLUTE)

    Execution Region ER_IROM1 (Exec base: 0x08000000, Load base: 0x08000000, Size: 0x00008dd0, Max: 0x00080000, ABSOLUTE)

    Exec Addr    Load Addr    Size         Type   Attr      Idx    E Section Name        Object

    0x08000000   0x08000000   0x00000198   Data   RO            3    RESET               startup_stm32f411xe.o
    0x08000198   0x08000198   0x00000000   Code   RO         3927  * .ARM.Collect$$$$00000000  mc_w.l(entry.o)
    0x08000198   0x08000198   0x00000004   Code   RO         3940    .ARM.Collect$$$$00000001  mc_w.l(entry2.o)
    0x0800019c   0x0800019c   0x00000004   Code   RO         3943    .ARM.Collect$$$$00000004  mc_w.l(entry5.o)
    0x080001a0   0x080001a0   0x00000000   Code   RO         3945    .ARM.Collect$$$$00000008  mc_w.l(entry7b.o)
    0x080001a0   0x080001a0   0x00000000   Code   RO         3947    .ARM.Collect$$$$0000000A  mc_w.l(entry8b.o)
    0x080001a0   0x080001a0   0x00000008   Code   RO         3948    .ARM.Collect$$$$0000000B  mc_w.l(entry9a.o)
    0x080001a8   0x080001a8   0x00000004   Code   RO         3955    .ARM.Collect$$$$0000000E  mc_w.l(entry12b.o)
    0x080001ac   0x080001ac   0x00000000   Code   RO         3950    .ARM.Collect$$$$0000000F  mc_w.l(entry10a.o)
    0x080001ac   0x080001ac   0x00000000   Code   RO         3952    .ARM.Collect$$$$00000011  mc_w.l(entry11a.o)
    0x080001ac   0x080001ac   0x00000004   Code   RO         3941    .ARM.Collect$$$$00002712  mc_w.l(entry2.o)
    0x080001b0   0x080001b0   0x00000024   Code   RO            4    .text               startup_stm32f411xe.o
    0x080001d4   0x080001d4   0x00000062   Code   RO         3930    .text               mc_w.l(uldiv.o)
    0x08000236   0x08000236   0x00000024   Code   RO         3932    .text               mc_w.l(memseta.o)
    0x0800025a   0x0800025a   0x000000e4   Code   RO         3934    .text               mf_w.l(dmul.o)
    0x0800033e   0x0800033e   0x00000022   Code   RO         3936    .text               mf_w.l(dflti.o)
    0x08000360   0x08000360   0x00000038   Code   RO         3938    .text               mf_w.l(d2f.o)
    0x08000398   0x08000398   0x0000001e   Code   RO         3956    .text               mc_w.l(llshl.o)
    0x080003b6   0x080003b6   0x00000020   Code   RO         3958    .text               mc_w.l(llushr.o)
    0x080003d6   0x080003d6   0x00000000   Code   RO         3960    .text               mc_w.l(iusefp.o)
    0x080003d6   0x080003d6   0x0000006e   Code   RO         3961    .text               mf_w.l(fepilogue.o)
    0x08000444   0x08000444   0x000000ba   Code   RO         3963    .text               mf_w.l(depilogue.o)
    0x080004fe   0x080004fe   0x00000002   PAD
    0x08000500   0x08000500   0x00000024   Code   RO         3965    .text               mc_w.l(init.o)
    0x08000524   0x08000524   0x00000128   Code   RO          539    i.ADC_Init          stm32f4xx_hal_adc.o
    0x0800064c   0x0800064c   0x00000002   Code   RO          437    i.BusFault_Handler  stm32f4xx_it.o
    0x0800064e   0x0800064e   0x00000002   Code   RO          438    i.DebugMon_Handler  stm32f4xx_it.o
    0x08000650   0x08000650   0x00000004   Code   RO           13    i.Error_Handler     main.o
    0x08000654   0x08000654   0x00000422   Code   RO         3691    i.GUI_Alarm         oled_spi.o
    0x08000a76   0x08000a76   0x00000042   Code   RO         3692    i.GUI_Init          oled_spi.o
    0x08000ab8   0x08000ab8   0x000001b8   Code   RO         3693    i.GUI_Temperature   oled_spi.o
    0x08000c70   0x08000c70   0x000004ec   Code   RO         3694    i.GUI_Time          oled_spi.o
    0x0800115c   0x0800115c   0x00000164   Code   RO          541    i.HAL_ADC_ConfigChannel  stm32f4xx_hal_adc.o
    0x080012c0   0x080012c0   0x00000006   Code   RO          548    i.HAL_ADC_GetValue  stm32f4xx_hal_adc.o
    0x080012c6   0x080012c6   0x00000054   Code   RO          550    i.HAL_ADC_Init      stm32f4xx_hal_adc.o
    0x0800131a   0x0800131a   0x00000002   PAD
    0x0800131c   0x0800131c   0x00000060   Code   RO          228    i.HAL_ADC_MspInit   adc.o
    0x0800137c   0x0800137c   0x000000a2   Code   RO          554    i.HAL_ADC_PollForConversion  stm32f4xx_hal_adc.o
    0x0800141e   0x0800141e   0x00000002   PAD
    0x08001420   0x08001420   0x000000bc   Code   RO          556    i.HAL_ADC_Start     stm32f4xx_hal_adc.o
    0x080014dc   0x080014dc   0x00000024   Code   RO         1770    i.HAL_Delay         stm32f4xx_hal.o
    0x08001500   0x08001500   0x00000194   Code   RO         1220    i.HAL_GPIO_Init     stm32f4xx_hal_gpio.o
    0x08001694   0x08001694   0x0000000a   Code   RO         1222    i.HAL_GPIO_ReadPin  stm32f4xx_hal_gpio.o
    0x0800169e   0x0800169e   0x0000000a   Code   RO         1224    i.HAL_GPIO_WritePin  stm32f4xx_hal_gpio.o
    0x080016a8   0x080016a8   0x0000000c   Code   RO         1776    i.HAL_GetTick       stm32f4xx_hal.o
    0x080016b4   0x080016b4   0x00000188   Code   RO         2032    i.HAL_I2C_Init      stm32f4xx_hal_i2c.o
    0x0800183c   0x0800183c   0x000001e0   Code   RO         2038    i.HAL_I2C_Master_Receive  stm32f4xx_hal_i2c.o
    0x08001a1c   0x08001a1c   0x0000012c   Code   RO         2045    i.HAL_I2C_Master_Transmit  stm32f4xx_hal_i2c.o
    0x08001b48   0x08001b48   0x00000130   Code   RO         2053    i.HAL_I2C_Mem_Write  stm32f4xx_hal_i2c.o
    0x08001c78   0x08001c78   0x0000006c   Code   RO          270    i.HAL_I2C_MspInit   i2c.o
    0x08001ce4   0x08001ce4   0x00000010   Code   RO         1782    i.HAL_IncTick       stm32f4xx_hal.o
    0x08001cf4   0x08001cf4   0x00000040   Code   RO         1784    i.HAL_InitTick      stm32f4xx_hal.o
    0x08001d34   0x08001d34   0x0000008e   Code   RO         3208    i.HAL_MultiProcessor_Init  stm32f4xx_hal_uart.o
    0x08001dc2   0x08001dc2   0x00000002   PAD
    0x08001dc4   0x08001dc4   0x00000040   Code   RO         1639    i.HAL_NVIC_SetPriority  stm32f4xx_hal_cortex.o
    0x08001e04   0x08001e04   0x00000154   Code   RO          917    i.HAL_RCCEx_PeriphCLKConfig  stm32f4xx_hal_rcc_ex.o
    0x08001f58   0x08001f58   0x00000134   Code   RO          812    i.HAL_RCC_ClockConfig  stm32f4xx_hal_rcc.o
    0x0800208c   0x0800208c   0x00000020   Code   RO          819    i.HAL_RCC_GetPCLK1Freq  stm32f4xx_hal_rcc.o
    0x080020ac   0x080020ac   0x00000020   Code   RO          820    i.HAL_RCC_GetPCLK2Freq  stm32f4xx_hal_rcc.o
    0x080020cc   0x080020cc   0x00000060   Code   RO          821    i.HAL_RCC_GetSysClockFreq  stm32f4xx_hal_rcc.o
    0x0800212c   0x0800212c   0x0000035c   Code   RO          824    i.HAL_RCC_OscConfig  stm32f4xx_hal_rcc.o
    0x08002488   0x08002488   0x00000044   Code   RO         2483    i.HAL_RTC_GetDate   stm32f4xx_hal_rtc.o
    0x080024cc   0x080024cc   0x00000058   Code   RO         2485    i.HAL_RTC_GetTime   stm32f4xx_hal_rtc.o
    0x08002524   0x08002524   0x000000ac   Code   RO         2486    i.HAL_RTC_Init      stm32f4xx_hal_rtc.o
    0x080025d0   0x080025d0   0x00000018   Code   RO          312    i.HAL_RTC_MspInit   rtc.o
    0x080025e8   0x080025e8   0x000000c8   Code   RO         2492    i.HAL_RTC_SetDate   stm32f4xx_hal_rtc.o
    0x080026b0   0x080026b0   0x000000ec   Code   RO         2493    i.HAL_RTC_SetTime   stm32f4xx_hal_rtc.o
    0x0800279c   0x0800279c   0x00000036   Code   RO         2494    i.HAL_RTC_WaitForSynchro  stm32f4xx_hal_rtc.o
    0x080027d2   0x080027d2   0x00000080   Code   RO         2854    i.HAL_SPI_Init      stm32f4xx_hal_spi.o
    0x08002852   0x08002852   0x00000002   PAD
    0x08002854   0x08002854   0x00000068   Code   RO          354    i.HAL_SPI_MspInit   spi.o
    0x080028bc   0x080028bc   0x0000015c   Code   RO         2862    i.HAL_SPI_Transmit  stm32f4xx_hal_spi.o
    0x08002a18   0x08002a18   0x00000018   Code   RO         1642    i.HAL_SYSTICK_CLKSourceConfig  stm32f4xx_hal_cortex.o
    0x08002a30   0x08002a30   0x00000028   Code   RO         1644    i.HAL_SYSTICK_Config  stm32f4xx_hal_cortex.o
    0x08002a58   0x08002a58   0x0000006c   Code   RO          396    i.HAL_UART_MspInit  usart.o
    0x08002ac4   0x08002ac4   0x00000002   Code   RO          439    i.HardFault_Handler  stm32f4xx_it.o
    0x08002ac6   0x08002ac6   0x0000002e   Code   RO         2074    i.I2C_IsAcknowledgeFailed  stm32f4xx_hal_i2c.o
    0x08002af4   0x08002af4   0x000000ec   Code   RO         2077    i.I2C_MasterRequestRead  stm32f4xx_hal_i2c.o
    0x08002be0   0x08002be0   0x0000009c   Code   RO         2078    i.I2C_MasterRequestWrite  stm32f4xx_hal_i2c.o
    0x08002c7c   0x08002c7c   0x000000a8   Code   RO         2085    i.I2C_RequestMemoryWrite  stm32f4xx_hal_i2c.o
    0x08002d24   0x08002d24   0x0000004c   Code   RO         2088    i.I2C_WaitOnBTFFlagUntilTimeout  stm32f4xx_hal_i2c.o
    0x08002d70   0x08002d70   0x00000068   Code   RO         2089    i.I2C_WaitOnFlagUntilTimeout  stm32f4xx_hal_i2c.o
    0x08002dd8   0x08002dd8   0x00000096   Code   RO         2090    i.I2C_WaitOnMasterAddressFlagUntilTimeout  stm32f4xx_hal_i2c.o
    0x08002e6e   0x08002e6e   0x00000066   Code   RO         2091    i.I2C_WaitOnRXNEFlagUntilTimeout  stm32f4xx_hal_i2c.o
    0x08002ed4   0x08002ed4   0x0000004c   Code   RO         2092    i.I2C_WaitOnTXEFlagUntilTimeout  stm32f4xx_hal_i2c.o
    0x08002f20   0x08002f20   0x0000008c   Code   RO         3589    i.KEY_GetPinState   key.o
    0x08002fac   0x08002fac   0x0000005c   Code   RO         3565    i.LED_State         led.o
    0x08003008   0x08003008   0x00000024   Code   RO         3899    i.LM75AD_Init       lm75ad.o
    0x0800302c   0x0800302c   0x00000064   Code   RO          229    i.MX_ADC1_Init      adc.o
    0x08003090   0x08003090   0x0000010c   Code   RO          203    i.MX_GPIO_Init      gpio.o
    0x0800319c   0x0800319c   0x00000040   Code   RO          271    i.MX_I2C1_Init      i2c.o
    0x080031dc   0x080031dc   0x0000008c   Code   RO          313    i.MX_RTC_Init       rtc.o
    0x08003268   0x08003268   0x00000044   Code   RO          355    i.MX_SPI1_Init      spi.o
    0x080032ac   0x080032ac   0x0000003c   Code   RO          397    i.MX_USART1_UART_Init  usart.o
    0x080032e8   0x080032e8   0x00000002   Code   RO          440    i.MemManage_Handler  stm32f4xx_it.o
    0x080032ea   0x080032ea   0x00000002   Code   RO          441    i.NMI_Handler       stm32f4xx_it.o
    0x080032ec   0x080032ec   0x000000b4   Code   RO         3695    i.OLED_Circle       oled_spi.o
    0x080033a0   0x080033a0   0x0000002c   Code   RO         3696    i.OLED_Clear        oled_spi.o
    0x080033cc   0x080033cc   0x0000010c   Code   RO         3701    i.OLED_Init         oled_spi.o
    0x080034d8   0x080034d8   0x00000030   Code   RO         3702    i.OLED_Point        oled_spi.o
    0x08003508   0x08003508   0x0000001c   Code   RO         3703    i.OLED_Point_NW     oled_spi.o
    0x08003524   0x08003524   0x00000010   Code   RO         3704    i.OLED_Pow          oled_spi.o
    0x08003534   0x08003534   0x0000004c   Code   RO         3705    i.OLED_Refresh      oled_spi.o
    0x08003580   0x08003580   0x00000028   Code   RO         3706    i.OLED_SetPlace     oled_spi.o
    0x080035a8   0x080035a8   0x00000130   Code   RO         3707    i.OLED_ShowChar     oled_spi.o
    0x080036d8   0x080036d8   0x000001a0   Code   RO         3708    i.OLED_ShowChinese  oled_spi.o
    0x08003878   0x08003878   0x0000005e   Code   RO         3709    i.OLED_ShowNum      oled_spi.o
    0x080038d6   0x080038d6   0x00000042   Code   RO         3710    i.OLED_ShowNum_Sign  oled_spi.o
    0x08003918   0x08003918   0x00000040   Code   RO         3711    i.OLED_ShowString   oled_spi.o
    0x08003958   0x08003958   0x00000050   Code   RO         3712    i.OLED_WriteByte    oled_spi.o
    0x080039a8   0x080039a8   0x0000001c   Code   RO         3714    i.OLED_nPoint_NW    oled_spi.o
    0x080039c4   0x080039c4   0x00000002   Code   RO          442    i.PendSV_Handler    stm32f4xx_it.o
    0x080039c6   0x080039c6   0x00000012   Code   RO         2495    i.RTC_Bcd2ToByte    stm32f4xx_hal_rtc.o
    0x080039d8   0x080039d8   0x00000016   Code   RO         2496    i.RTC_ByteToBcd2    stm32f4xx_hal_rtc.o
    0x080039ee   0x080039ee   0x00000002   PAD
    0x080039f0   0x080039f0   0x0000003a   Code   RO         2497    i.RTC_EnterInitMode  stm32f4xx_hal_rtc.o
    0x08003a2a   0x08003a2a   0x00000002   PAD
    0x08003a2c   0x08003a2c   0x00000058   Code   RO         2892    i.SPI_EndRxTxTransaction  stm32f4xx_hal_spi.o
    0x08003a84   0x08003a84   0x00000094   Code   RO         2897    i.SPI_WaitFlagStateUntilTimeout  stm32f4xx_hal_spi.o
    0x08003b18   0x08003b18   0x00000002   Code   RO          443    i.SVC_Handler       stm32f4xx_it.o
    0x08003b1a   0x08003b1a   0x00000004   Code   RO          444    i.SysTick_Handler   stm32f4xx_it.o
    0x08003b1e   0x08003b1e   0x00000002   PAD
    0x08003b20   0x08003b20   0x000000b0   Code   RO           14    i.SystemClock_Config  main.o
    0x08003bd0   0x08003bd0   0x0000001c   Code   RO         3528    i.SystemInit        system_stm32f4xx.o
    0x08003bec   0x08003bec   0x00000128   Code   RO         3252    i.UART_SetConfig    stm32f4xx_hal_uart.o
    0x08003d14   0x08003d14   0x00000002   Code   RO          445    i.UsageFault_Handler  stm32f4xx_it.o
    0x08003d16   0x08003d16   0x00000020   Code   RO         1646    i.__NVIC_SetPriority  stm32f4xx_hal_cortex.o
    0x08003d36   0x08003d36   0x0000000e   Code   RO         3969    i.__scatterload_copy  mc_w.l(handlers.o)
    0x08003d44   0x08003d44   0x00000002   Code   RO         3970    i.__scatterload_null  mc_w.l(handlers.o)
    0x08003d46   0x08003d46   0x0000000e   Code   RO         3971    i.__scatterload_zeroinit  mc_w.l(handlers.o)
    0x08003d54   0x08003d54   0x00000270   Code   RO         3715    i.beep_music        oled_spi.o
    0x08003fc4   0x08003fc4   0x00000050   Code   RO         3716    i.beep_tone         oled_spi.o
    0x08004014   0x08004014   0x00000014   Code   RO         3613    i.delay_init        delay.o
    0x08004028   0x08004028   0x0000001a   Code   RO         3614    i.delay_ms          delay.o
    0x08004042   0x08004042   0x00000002   PAD
    0x08004044   0x08004044   0x00000034   Code   RO         3615    i.delay_us          delay.o
    0x08004078   0x08004078   0x000001d0   Code   RO           15    i.main              main.o
    0x08004248   0x08004248   0x00000010   Data   RO         3529    .constdata          system_stm32f4xx.o
    0x08004258   0x08004258   0x00000008   Data   RO         3530    .constdata          system_stm32f4xx.o
    0x08004260   0x08004260   0x00000474   Data   RO         3871    .constdata          char_library.o
    0x080046d4   0x080046d4   0x000005f0   Data   RO         3872    .constdata          char_library.o
    0x08004cc4   0x08004cc4   0x00000d5c   Data   RO         3873    .constdata          char_library.o
    0x08005a20   0x08005a20   0x000017c0   Data   RO         3874    .constdata          char_library.o
    0x080071e0   0x080071e0   0x00000280   Data   RO         3876    .constdata          char_library.o
    0x08007460   0x08007460   0x00000288   Data   RO         3877    .constdata          char_library.o
    0x080076e8   0x080076e8   0x00000200   Data   RO         3878    .constdata          char_library.o
    0x080078e8   0x080078e8   0x00001000   Data   RO         3879    .constdata          char_library.o
    0x080088e8   0x080088e8   0x00000288   Data   RO         3880    .constdata          char_library.o
    0x08008b70   0x08008b70   0x00000120   Data   RO         3881    .constdata          char_library.o
    0x08008c90   0x08008c90   0x00000120   Data   RO         3882    .constdata          char_library.o
    0x08008db0   0x08008db0   0x00000020   Data   RO         3967    Region$$Table       anon$$obj.o


    Execution Region RW_IRAM1 (Exec base: 0x20000000, Load base: 0x08008dd0, Size: 0x00002630, Max: 0x00020000, ABSOLUTE)

    Exec Addr    Load Addr    Size         Type   Attr      Idx    E Section Name        Object

    0x20000000   0x08008dd0   0x0000000c   Data   RW         1790    .data               stm32f4xx_hal.o
    0x2000000c   0x08008ddc   0x00000004   Data   RW         3531    .data               system_stm32f4xx.o
    0x20000010   0x08008de0   0x00000004   Data   RW         3616    .data               delay.o
    0x20000014   0x08008de4   0x0000000c   Data   RW         3720    .data               oled_spi.o
    0x20000020        -       0x00000048   Zero   RW          230    .bss                adc.o
    0x20000068        -       0x00000054   Zero   RW          272    .bss                i2c.o
    0x200000bc        -       0x00000020   Zero   RW          314    .bss                rtc.o
    0x200000dc        -       0x00000058   Zero   RW          356    .bss                spi.o
    0x20000134        -       0x00000040   Zero   RW          398    .bss                usart.o
    0x20000174        -       0x000020bc   Zero   RW         3717    .bss                oled_spi.o
    0x20002230        -       0x00000400   Zero   RW            1    STACK               startup_stm32f411xe.o


==============================================================================

Image component sizes


      Code (inc. data)   RO Data    RW Data    ZI Data      Debug   Object Name

       196         26          0          0         72       1697   adc.o
         0          0      19280          0          0       1168   char_library.o
        98          8          0          4          0       1919   delay.o
       268         18          0          0          0       1015   gpio.o
       172         28          0          0         84       1689   i2c.o
       140          8          0          0          0        678   key.o
        92         10          0          0          0        676   led.o
        36          4          0          0          0        818   lm75ad.o
       644         26          0          0          0     428540   main.o
      5280        262          0         12       8380      18990   oled_spi.o
       164         18          0          0         32       1575   rtc.o
       172         20          0          0         88       1689   spi.o
        36          8        408          0       1024        848   startup_stm32f411xe.o
       128         24          0         12          0       8758   stm32f4xx_hal.o
      1092         52          0          0          0       5290   stm32f4xx_hal_adc.o
       160          4          0          0          0      33221   stm32f4xx_hal_cortex.o
       424         34          0          0          0       3083   stm32f4xx_hal_gpio.o
      2590         66          0          0          0      15034   stm32f4xx_hal_i2c.o
      1328         72          0          0          0       5292   stm32f4xx_hal_rcc.o
       340         26          0          0          0       1420   stm32f4xx_hal_rcc_ex.o
       916         30          0          0          0       7620   stm32f4xx_hal_rtc.o
       712          8          0          0          0       4482   stm32f4xx_hal_spi.o
       438         10          0          0          0       2226   stm32f4xx_hal_uart.o
        20          0          0          0          0       4190   stm32f4xx_it.o
        28          6         24          4          0       1163   system_stm32f4xx.o
       168         24          0          0         64       1718   usart.o

    ----------------------------------------------------------------------
     15658        792      19744         32       9744     554799   Object Totals
         0          0         32          0          0          0   (incl. Generated)
        16          0          0          0          0          0   (incl. Padding)

    ----------------------------------------------------------------------

      Code (inc. data)   RO Data    RW Data    ZI Data      Debug   Library Member Name

         0          0          0          0          0          0   entry.o
         0          0          0          0          0          0   entry10a.o
         0          0          0          0          0          0   entry11a.o
         4          0          0          0          0          0   entry12b.o
         8          4          0          0          0          0   entry2.o
         4          0          0          0          0          0   entry5.o
         0          0          0          0          0          0   entry7b.o
         0          0          0          0          0          0   entry8b.o
         8          4          0          0          0          0   entry9a.o
        30          0          0          0          0          0   handlers.o
        36          8          0          0          0         68   init.o
         0          0          0          0          0          0   iusefp.o
        30          0          0          0          0         68   llshl.o
        32          0          0          0          0         68   llushr.o
        36          0          0          0          0        108   memseta.o
        98          0          0          0          0         92   uldiv.o
        56          0          0          0          0         88   d2f.o
       186          0          0          0          0        176   depilogue.o
        34          0          0          0          0         76   dflti.o
       228          0          0          0          0         96   dmul.o
       110          0          0          0          0        168   fepilogue.o

    ----------------------------------------------------------------------
       902         16          0          0          0       1008   Library Totals
         2          0          0          0          0          0   (incl. Padding)

    ----------------------------------------------------------------------

      Code (inc. data)   RO Data    RW Data    ZI Data      Debug   Library Name

       286         16          0          0          0        404   mc_w.l
       614          0          0          0          0        604   mf_w.l

    ----------------------------------------------------------------------
       902         16          0          0          0       1008   Library Totals

    ----------------------------------------------------------------------

==============================================================================


      Code (inc. data)   RO Data    RW Data    ZI Data      Debug   

     16560        808      19744         32       9744     546095   Grand Totals
     16560        808      19744         32       9744     546095   ELF Image Totals
     16560        808      19744         32          0          0   ROM Totals

==============================================================================

    Total RO  Size (Code + RO Data)                36304 (  35.45kB)
    Total RW  Size (RW Data + ZI Data)              9776 (   9.55kB)
    Total ROM Size (Code + RO Data + RW Data)      36336 (  35.48kB)

==============================================================================

