<html>
<body>
<pre>
<h1>礦ision Build Log</h1>
<h2>Tool Versions:</h2>
IDE-Version: μVision V5.35.0.0
Copyright (C) 2021 ARM Ltd and ARM Germany GmbH. All rights reserved.
License Information: MONING CHENMONING, NONE, LIC=YA39H-W5WGN-II45V-P3SPT-5YISU-VHV4Z
 
Tool Versions:
Toolchain:       MDK-ARM Plus  Version: 5.35.0.2
Toolchain Path:  D:\Keil5\Keil_v5\ARM\ARMCC\Bin
C Compiler:      Armcc.exe V5.06 update 7 (build 960)
Assembler:       Armasm.exe V5.06 update 7 (build 960)
Linker/Locator:  ArmLink.exe V5.06 update 7 (build 960)
Library Manager: ArmAr.exe V5.06 update 7 (build 960)
Hex Converter:   FromElf.exe V5.06 update 7 (build 960)
CPU DLL:         SARMCM3.DLL V5.35.0.2
Dialog DLL:      DCM.DLL V1.17.3.0
Target DLL:      STLink\ST-LINKIII-KEIL_SWO.dll V3.0.9.0
Dialog DLL:      TCM.DLL V1.53.0.0
 
<h2>Project:</h2>
C:\Users\CHENMONING\Desktop\Digital-clock\HW\M2\MDK-ARM\MY_Nucle.uvprojx
Project File Date:  06/01/2023

<h2>Output:</h2>
*** Using Compiler 'V5.06 update 7 (build 960)', folder: 'D:\Keil5\Keil_v5\ARM\ARMCC\Bin'
Rebuild target 'MY_Nucle'
assembling startup_stm32f411xe.s...
compiling i2c.c...
compiling main.c...
..\WARE\OLED_SPI.h(79): warning:  #1295-D: Deprecated declaration beep_music - give arg types
  void beep_music();
../Src/main.c(90): warning:  #223-D: function "GUI_Init" declared implicitly
  	GUI_Init();
../Src/main.c(82): warning:  #177-D: variable "times"  was declared but never referenced
  	u16 times=0;		//公用迭代数
../Src/main.c(86): warning:  #177-D: variable "GetData"  was declared but never referenced
  	RTC_DateTypeDef GetData;    //获取日期结构体
../Src/main.c(87): warning:  #177-D: variable "GetTime"  was declared but never referenced
  	RTC_TimeTypeDef GetTime;    //获取时间结构体
../Src/main.c: 5 warnings, 0 errors
compiling gpio.c...
compiling usart.c...
compiling rtc.c...
compiling stm32f4xx_it.c...
compiling spi.c...
compiling stm32f4xx_hal_msp.c...
compiling stm32f4xx_hal_flash.c...
compiling stm32f4xx_hal_rcc_ex.c...
compiling adc.c...
compiling stm32f4xx_hal_rcc.c...
compiling stm32f4xx_hal_adc_ex.c...
compiling stm32f4xx_hal_adc.c...
compiling stm32f4xx_hal_flash_ex.c...
compiling stm32f4xx_hal_flash_ramfunc.c...
compiling stm32f4xx_hal_gpio.c...
compiling stm32f4xx_hal.c...
compiling stm32f4xx_hal_pwr_ex.c...
compiling stm32f4xx_hal_dma_ex.c...
compiling stm32f4xx_hal_dma.c...
compiling stm32f4xx_hal_cortex.c...
compiling stm32f4xx_hal_tim.c...
compiling stm32f4xx_hal_i2c_ex.c...
compiling stm32f4xx_hal_exti.c...
compiling stm32f4xx_hal_pwr.c...
compiling stm32f4xx_hal_rtc.c...
compiling stm32f4xx_hal_rtc_ex.c...
compiling stm32f4xx_hal_tim_ex.c...
compiling stm32f4xx_hal_spi.c...
compiling Char_library.c...
compiling stm32f4xx_hal_i2c.c...
compiling KEY.c...
compiling LM75AD.c...
compiling system_stm32f4xx.c...
compiling delay.c...
compiling sys.c...
compiling OLED_SPI.c...
..\WARE\OLED_SPI.h(79): warning:  #1295-D: Deprecated declaration beep_music - give arg types
  void beep_music();
..\WARE\OLED_SPI.c: 1 warning, 0 errors
compiling stm32f4xx_hal_uart.c...
compiling LED.c...
linking...
Program Size: Code=16560 RO-data=19744 RW-data=32 ZI-data=9744  
FromELF: creating hex file...
"MY_Nucle\MY_Nucle.axf" - 0 Error(s), 6 Warning(s).

<h2>Software Packages used:</h2>

Package Vendor: ARM
                http://www.keil.com/pack/ARM.CMSIS.5.8.0.pack
                ARM.CMSIS.5.8.0
                CMSIS (Common Microcontroller Software Interface Standard)
   * Component: CORE Version: 5.5.0

Package Vendor: Keil
                http://www.keil.com/pack/Keil.STM32F4xx_DFP.2.15.0.pack
                Keil.STM32F4xx_DFP.2.15.0
                STMicroelectronics STM32F4 Series Device Support, Drivers and Examples

<h2>Collection of Component include folders:</h2>
  .\RTE\_MY_Nucle
  D:\Keil5\v5_pack\ARM\CMSIS\5.8.0\CMSIS\Core\Include
  D:\Keil5\v5_pack\Keil\STM32F4xx_DFP\2.15.0\Drivers\CMSIS\Device\ST\STM32F4xx\Include

<h2>Collection of Component Files used:</h2>

   * Component: ARM::CMSIS:CORE:5.5.0
      Include file:  CMSIS\Core\Include\tz_context.h
Build Time Elapsed:  00:00:09
</pre>
</body>
</html>
